#                                                               --- full sequence ---- --- best 1 domain ---- --- domain number estimation ----
# target name        accession  query name           accession    E-value  score  bias   E-value  score  bias   exp reg clu  ov env dom rep inc description of target
#------------------- ---------- -------------------- ---------- --------- ------ ----- --------- ------ -----   --- --- --- --- --- --- --- --- ---------------------
XP_002614184.2       -          XP_019330601.1       -            7.6e-08   25.6   3.3    0.0088    8.9   0.2   3.4   2   1   1   3   3   3   3 Ubiquitin carboxyl-terminal hydrolase family protein [Clavispora lusitaniae]
XP_002614349.1       -          XP_019330613.1       -            7.3e-05   14.8   0.5   8.7e-05   14.6   0.1   1.4   2   0   0   2   2   2   1 Ankyrin repeats (many copies) family protein [Clavispora lusitaniae]
XP_002614200.1       -          XP_019330616.1       -              3e-13   42.8   4.1   3.6e-07   22.6   0.1   2.2   2   0   0   2   2   2   2 Fungal specific transcription factor domain family protein [Clavispora lusitaniae]
XP_002614123.2       -          XP_019330616.1       -              4e-12   39.0   6.8     5e-10   32.1   4.6   2.1   2   0   0   2   2   2   2 Fungal specific transcription factor domain family protein [Clavispora lusitaniae]
XP_002614127.2       -          XP_019330616.1       -                7.6   -1.6  20.6     0.072    5.1   6.3   2.1   1   1   1   2   2   2   0 Fungal specific transcription factor domain family protein [Clavispora lusitaniae]
XP_002614302.1       -          XP_019330638.1       -            0.00033   13.1   0.0   0.00064   12.1   0.0   1.4   1   0   0   1   1   1   1 Long-chain-fatty-acid--CoA ligase 1 [Clavispora lusitaniae]
XP_002614335.2       -          XP_019330643.1       -            3.2e-23   76.2   0.9     2e-15   50.6   0.0   3.1   2   1   1   3   3   3   2 Protein kinase domain family protein [Clavispora lusitaniae]
XP_002614330.1       -          XP_019330643.1       -            7.7e-20   65.1   0.3     3e-18   59.9   0.0   2.3   1   1   0   2   2   2   1 cAMP-dependent protein kinase type 2 domain protein [Clavispora lusitaniae]
XP_002614236.2       -          XP_019330643.1       -            1.6e-19   64.1   0.8     1e-11   38.4   0.0   3.7   4   0   0   4   4   4   3 Anticodon binding domain of tRNAs family protein [Clavispora lusitaniae]
XP_002614208.2       -          XP_019330643.1       -            9.1e-19   61.6   1.2   1.5e-13   44.4   0.0   3.8   2   1   1   3   3   3   3 Protein kinase domain family protein [Clavispora lusitaniae]
XP_002614374.1       -          XP_019330643.1       -            1.3e-15   51.2   0.0   2.4e-15   50.4   0.0   1.4   1   1   0   1   1   1   1 Protein kinase domain family protein [Clavispora lusitaniae]
XP_002614381.1       -          XP_019330643.1       -            2.7e-12   40.4   0.1   2.7e-10   33.8   0.0   3.1   2   1   1   3   3   3   1 Ribonuclease 2-5A family protein [Clavispora lusitaniae]
XP_002614133.2       -          XP_019330643.1       -            3.5e-07   23.6   0.1   7.5e-07   22.5   0.0   1.5   2   0   0   2   2   2   1 Protein kinase domain family protein [Clavispora lusitaniae]
XP_002614255.2       -          XP_019330643.1       -              7e-05   16.0   0.0    0.0022   11.1   0.0   2.4   2   0   0   2   2   2   1 Protein kinase domain family protein [Clavispora lusitaniae]
XP_002614163.2       -          XP_019330669.1       -             0.0058   11.1   6.1    0.0064   10.9   0.2   3.2   2   1   1   3   3   3   1 Major Facilitator Superfamily protein [Clavispora lusitaniae]
XP_002614411.1       -          XP_019330670.1       -            5.4e-29   92.9   0.1   8.7e-29   92.3   0.1   1.3   1   0   0   1   1   1   1 General transcription and DNA repair factor IIH subunit TFB5 domain protein [Clavispora lusitaniae]
XP_002614336.2       -          XP_019330671.1       -            2.1e-12   39.7   0.2   1.1e-11   37.4   0.1   2.1   2   0   0   2   2   2   1 SNF2 N-terminal domain family protein [Clavispora lusitaniae]
XP_002614309.1       -          XP_019330683.1       -            1.3e-94  311.3   0.5   1.5e-94  311.0   0.5   1.0   1   0   0   1   1   1   1 isocitrate dehydrogenase, NAD-dependent [Clavispora lusitaniae]
XP_002614414.2       -          XP_019330687.1       -            1.7e-53  173.2   0.1   1.9e-53  173.1   0.1   1.0   1   0   0   1   1   1   1 uncharacterized protein FOB63_004391 [Clavispora lusitaniae]
XP_002614344.1       -          XP_019330697.1       -            9.8e-10   32.4   0.1   0.00013   15.6   0.0   2.1   2   0   0   2   2   2   2 RNA recognition motif family protein [Clavispora lusitaniae]
XP_002614427.2       -          XP_019330703.1       -           2.5e-292  966.9 114.6  3.8e-239  790.7  55.6   4.9   1   1   2   3   3   3   3 Cytoskeletal-regulatory complex EF hand family protein [Clavispora lusitaniae]
XP_002614208.2       -          XP_019330720.1       -               0.25    6.1  11.2     0.077    7.7   0.7   3.1   2   1   0   2   2   2   0 Protein kinase domain family protein [Clavispora lusitaniae]
XP_002614123.2       -          XP_019330725.1       -            7.3e-06   18.2   3.0     1e-05   17.7   3.0   1.1   1   0   0   1   1   1   1 Fungal specific transcription factor domain family protein [Clavispora lusitaniae]
XP_002614200.1       -          XP_019330725.1       -            0.00071   11.6   2.5    0.0012   10.8   2.5   1.3   1   0   0   1   1   1   1 Fungal specific transcription factor domain family protein [Clavispora lusitaniae]
XP_002614401.1       -          XP_019330725.1       -            0.00085   11.4   2.5    0.0013   10.8   2.5   1.2   1   0   0   1   1   1   1 Fungal Zn(2)-Cys(6) binuclear cluster domain family protein [Clavispora lusitaniae]
XP_002614429.2       -          XP_019330725.1       -             0.0069    8.3   5.0    0.0087    8.0   5.0   1.1   1   0   0   1   1   1   1 uncharacterized protein FOB63_004375 [Clavispora lusitaniae]
XP_002614127.2       -          XP_019330725.1       -               0.84    1.4  24.6     0.011    7.7   6.1   2.4   1   1   1   2   2   2   0 Fungal specific transcription factor domain family protein [Clavispora lusitaniae]
XP_002614289.2       -          XP_019330725.1       -               0.93    1.3  11.3       1.5    0.6  11.3   1.2   1   0   0   1   1   1   0 uncharacterized protein FOB63_004504 [Clavispora lusitaniae]
XP_002614247.2       -          XP_019330725.1       -                3.5   -0.6  13.0       5.1   -1.2  13.0   1.1   1   0   0   1   1   1   0 Major Facilitator Superfamily protein [Clavispora lusitaniae]
XP_002614374.1       -          XP_019330730.1       -            1.7e-18   60.4   0.0     4e-16   52.7   0.0   2.2   2   0   0   2   2   2   2 Protein kinase domain family protein [Clavispora lusitaniae]
XP_002614330.1       -          XP_019330730.1       -            4.2e-18   59.1   0.1   8.8e-18   58.1   0.1   1.6   1   1   0   1   1   1   1 cAMP-dependent protein kinase type 2 domain protein [Clavispora lusitaniae]
XP_002614236.2       -          XP_019330730.1       -            1.5e-16   54.0   0.0   1.3e-11   37.8   0.0   3.2   3   0   0   3   3   3   2 Anticodon binding domain of tRNAs family protein [Clavispora lusitaniae]
XP_002614335.2       -          XP_019330730.1       -            2.8e-16   53.2   0.7   4.5e-08   26.1   0.2   2.2   2   0   0   2   2   2   2 Protein kinase domain family protein [Clavispora lusitaniae]
XP_002614208.2       -          XP_019330730.1       -            2.2e-12   40.3   0.1   7.7e-07   22.1   0.0   2.7   2   1   0   2   2   2   2 Protein kinase domain family protein [Clavispora lusitaniae]
XP_002614381.1       -          XP_019330730.1       -            8.8e-11   35.1   0.0   1.9e-09   30.7   0.0   2.4   1   1   0   2   2   2   1 Ribonuclease 2-5A family protein [Clavispora lusitaniae]
XP_002614133.2       -          XP_019330730.1       -            2.5e-10   33.6   0.0     6e-10   32.3   0.0   1.5   1   1   0   1   1   1   1 Protein kinase domain family protein [Clavispora lusitaniae]
XP_002614181.1       -          XP_019330737.1       -            2.2e-18   59.7   2.0   5.2e-11   35.3   0.2   2.1   1   1   1   2   2   2   2 40S ribosomal protein RACK1 [Clavispora lusitaniae]
XP_002614251.2       -          XP_019330737.1       -            1.1e-05   17.7   0.1    0.0019   10.3   0.0   3.2   3   1   1   4   4   4   2 WD domain, G-beta repeat family protein [Clavispora lusitaniae]
XP_002614220.2       -          XP_019330737.1       -            0.00084   11.5   0.0      0.33    2.9   0.0   3.2   2   1   1   3   3   3   3 WD domain, G-beta repeat family protein [Clavispora lusitaniae]
XP_002614366.2       -          XP_019330745.1       -           7.8e-114  375.3  36.1   2.2e-81  268.0  21.3   3.1   1   1   1   2   2   2   2 Not1 N-terminal domain, CCR4-Not complex component family protein [Clavispora lusitaniae]
XP_002614190.1       -          XP_019330749.1       -             0.0026   10.7   8.8   0.00071   12.5   4.1   2.3   2   1   1   3   3   3   1 Aspartyl protease family protein [Clavispora lusitaniae]
XP_002614163.2       -          XP_019330753.1       -           3.4e-174  574.6  13.2  4.5e-174  574.1  13.2   1.1   1   0   0   1   1   1   1 Major Facilitator Superfamily protein [Clavispora lusitaniae]
XP_002614247.2       -          XP_019330753.1       -            3.8e-22   72.6   6.0   1.2e-13   44.5   0.0   2.1   2   0   0   2   2   2   2 Major Facilitator Superfamily protein [Clavispora lusitaniae]
XP_002614339.2       -          XP_019330753.1       -            1.8e-21   70.4  23.2   1.8e-13   44.0   4.4   2.1   2   0   0   2   2   2   2 multidrug resistance transporter protein [Clavispora lusitaniae]
XP_002614311.1       -          XP_019330758.1       -                  0 1734.9   0.7         0 1734.7   0.7   1.0   1   0   0   1   1   1   1 Elongation factor 2 [Clavispora lusitaniae]
XP_002614330.1       -          XP_019330770.1       -              1e-18   61.0   0.0   1.4e-18   60.6   0.0   1.1   1   0   0   1   1   1   1 cAMP-dependent protein kinase type 2 domain protein [Clavispora lusitaniae]
XP_002614335.2       -          XP_019330770.1       -            2.7e-16   53.1   2.6     1e-09   31.3   1.1   2.1   2   0   0   2   2   2   2 Protein kinase domain family protein [Clavispora lusitaniae]
XP_002614374.1       -          XP_019330770.1       -            7.5e-13   41.7   0.0   1.6e-12   40.6   0.0   1.5   1   0   0   1   1   1   1 Protein kinase domain family protein [Clavispora lusitaniae]
XP_002614381.1       -          XP_019330770.1       -            1.1e-12   41.1   0.1   2.5e-12   40.0   0.1   1.6   2   0   0   2   2   2   1 Ribonuclease 2-5A family protein [Clavispora lusitaniae]
XP_002614236.2       -          XP_019330770.1       -            1.6e-11   37.3   0.8   2.8e-08   26.6   0.0   2.9   2   1   1   3   3   3   2 Anticodon binding domain of tRNAs family protein [Clavispora lusitaniae]
XP_002614208.2       -          XP_019330770.1       -            1.1e-08   27.9   4.6   3.6e-06   19.6   0.2   3.2   3   1   0   3   3   3   2 Protein kinase domain family protein [Clavispora lusitaniae]
XP_002614133.2       -          XP_019330770.1       -            2.4e-08   26.8   0.0   2.4e-08   26.8   0.0   1.6   2   0   0   2   2   2   1 Protein kinase domain family protein [Clavispora lusitaniae]
XP_002614255.2       -          XP_019330770.1       -            4.7e-08   25.9   0.0   8.9e-08   24.9   0.0   1.3   1   0   0   1   1   1   1 Protein kinase domain family protein [Clavispora lusitaniae]
XP_002614137.2       -          XP_019330771.1       -            0.00076   14.0   1.6    0.0078   10.8   0.4   2.6   2   0   0   2   2   2   1 Bacterial low temperature requirement A protein (LtrA) family protein [Clavispora lusitaniae]
XP_002614344.1       -          XP_019330779.1       -              9e-09   28.8   0.0   1.6e-05   18.2   0.0   2.1   1   1   1   2   2   2   2 RNA recognition motif family protein [Clavispora lusitaniae]
XP_002614282.2       -          XP_019330782.1       -            2.9e-06   20.6   3.1   5.8e-06   19.6   3.1   1.4   1   0   0   1   1   1   1 Fungal specific transcription factor domain family protein [Clavispora lusitaniae]
XP_002614127.2       -          XP_019330782.1       -            2.3e-05   17.7   3.4   6.2e-05   16.2   3.4   1.8   1   0   0   1   1   1   1 Fungal specific transcription factor domain family protein [Clavispora lusitaniae]
XP_002614401.1       -          XP_019330782.1       -            0.00011   15.3   1.4   0.00014   15.1   1.4   1.2   1   0   0   1   1   1   1 Fungal Zn(2)-Cys(6) binuclear cluster domain family protein [Clavispora lusitaniae]
XP_002614429.2       -          XP_019330782.1       -             0.0069    9.5   5.6    0.0081    9.2   5.0   1.3   1   1   0   1   1   1   1 uncharacterized protein FOB63_004375 [Clavispora lusitaniae]
XP_002614229.2       -          XP_019330783.1       -            5.8e-08   25.4   0.0   7.9e-08   24.9   0.0   1.1   1   0   0   1   1   1   1 Replication factor C subunit 2 [Clavispora lusitaniae]
XP_002614348.2       -          XP_019330796.1       -           5.7e-135  443.5   9.6  6.9e-135  443.3   9.6   1.0   1   0   0   1   1   1   1 uncharacterized protein FOB63_004451 [Clavispora lusitaniae]
XP_002614335.2       -          XP_019330797.1       -            3.4e-38  125.4   0.0     9e-22   71.3   0.1   2.1   2   0   0   2   2   2   2 Protein kinase domain family protein [Clavispora lusitaniae]
XP_002614330.1       -          XP_019330797.1       -              9e-33  107.5   0.0   1.1e-32  107.2   0.0   1.1   1   0   0   1   1   1   1 cAMP-dependent protein kinase type 2 domain protein [Clavispora lusitaniae]
XP_002614208.2       -          XP_019330797.1       -            4.8e-28   91.9   0.7   1.9e-14   47.1   0.0   2.3   2   0   0   2   2   2   2 Protein kinase domain family protein [Clavispora lusitaniae]
XP_002614374.1       -          XP_019330797.1       -            1.6e-13   44.1   0.0   2.5e-13   43.4   0.0   1.2   1   0   0   1   1   1   1 Protein kinase domain family protein [Clavispora lusitaniae]
XP_002614381.1       -          XP_019330797.1       -              1e-11   38.1   0.2   2.7e-11   36.7   0.1   1.7   2   0   0   2   2   2   1 Ribonuclease 2-5A family protein [Clavispora lusitaniae]
XP_002614255.2       -          XP_019330797.1       -            2.2e-05   17.3   0.0   3.9e-05   16.4   0.0   1.3   1   0   0   1   1   1   1 Protein kinase domain family protein [Clavispora lusitaniae]
XP_002614167.2       -          XP_019330810.1       -            3.7e-26   85.7   0.5   4.7e-26   85.4   0.5   1.1   1   0   0   1   1   1   1 uncharacterized protein FOB63_004611 [Clavispora lusitaniae]
XP_002614167.2       -          XP_019330811.1       -            2.3e-28   93.0   0.8     3e-28   92.7   0.8   1.1   1   0   0   1   1   1   1 uncharacterized protein FOB63_004611 [Clavispora lusitaniae]
XP_002614282.2       -          XP_019330813.1       -            5.4e-05   15.3   3.6   9.7e-05   14.4   3.6   1.3   1   0   0   1   1   1   1 Fungal specific transcription factor domain family protein [Clavispora lusitaniae]
XP_002614401.1       -          XP_019330813.1       -            6.8e-05   14.9   5.7   6.8e-05   14.9   5.7   1.4   1   1   0   1   1   1   1 Fungal Zn(2)-Cys(6) binuclear cluster domain family protein [Clavispora lusitaniae]
XP_002614269.2       -          XP_019330838.1       -            3.3e-11   36.3   0.0     6e-11   35.4   0.0   1.4   1   0   0   1   1   1   1 RNA recognition motif family protein [Clavispora lusitaniae]
XP_002614336.2       -          XP_019330842.1       -            5.4e-07   22.8   2.1   5.4e-07   22.8   2.1   2.3   3   0   0   3   3   3   1 SNF2 N-terminal domain family protein [Clavispora lusitaniae]
XP_002614367.1       -          XP_019330842.1       -            4.7e-05   16.4   0.7   4.7e-05   16.4   0.7   2.1   1   1   1   2   2   2   1 Pex2 / Pex12 amino terminal region family protein [Clavispora lusitaniae]
XP_002614153.2       -          XP_019330842.1       -             0.0016   11.4   5.3    0.0026   10.7   5.3   1.3   1   0   0   1   1   1   1 Ring finger domain family protein [Clavispora lusitaniae]
XP_002614153.2       -          XP_019330843.1       -              1e-05   19.7   0.8   1.8e-05   18.9   0.8   1.3   1   0   0   1   1   1   1 Ring finger domain family protein [Clavispora lusitaniae]
XP_002614268.2       -          XP_019330843.1       -            0.00098   13.2   2.6    0.0024   12.0   2.6   1.7   1   1   0   1   1   1   1 Ring finger domain family protein [Clavispora lusitaniae]
XP_002614284.2       -          XP_019330856.1       -             0.0001   16.5   9.4    0.0001   16.5   9.4   3.6   2   1   1   3   3   3   1 Bromodomain family protein [Clavispora lusitaniae]
XP_002614209.2       -          XP_019330857.1       -            3.7e-08   27.4   0.0   0.00013   16.0   0.0   2.6   2   0   0   2   2   2   2 ABC transporter family protein [Clavispora lusitaniae]
XP_002614187.2       -          XP_019330857.1       -            6.1e-06   20.2   0.1    0.0049   10.8   0.0   2.5   2   1   0   2   2   2   2 ABC transporter family protein [Clavispora lusitaniae]
XP_002614359.2       -          XP_019330857.1       -            3.8e-05   17.6   0.0    0.0011   12.9   0.0   2.3   2   0   0   2   2   2   1 Elongation factor 3B [Clavispora lusitaniae]
XP_002614362.1       -          XP_019330860.1       -            6.8e-26   85.3   1.5   3.1e-11   37.2   0.0   3.0   1   1   2   3   3   3   3 Mitochondrial glycine transporter YMC1 [Clavispora lusitaniae]
XP_002614394.1       -          XP_019330860.1       -            8.2e-19   62.1   0.3   2.5e-11   37.5   0.0   2.1   2   0   0   2   2   2   2 Mitochondrial carrier family protein [Clavispora lusitaniae]
XP_002614344.1       -          XP_019330866.1       -            0.00086   13.3   0.0      0.18    5.7   0.0   2.2   1   1   1   2   2   2   2 RNA recognition motif family protein [Clavispora lusitaniae]
XP_002614282.2       -          XP_019330887.1       -            2.3e-08   27.3   3.1   4.2e-08   26.4   3.1   1.3   1   0   0   1   1   1   1 Fungal specific transcription factor domain family protein [Clavispora lusitaniae]
XP_002614127.2       -          XP_019330887.1       -            4.5e-07   23.0   4.2   1.3e-06   21.5   4.2   1.7   1   0   0   1   1   1   1 Fungal specific transcription factor domain family protein [Clavispora lusitaniae]
XP_002614401.1       -          XP_019330887.1       -            1.2e-05   18.3   2.0   1.5e-05   18.0   2.0   1.1   1   0   0   1   1   1   1 Fungal Zn(2)-Cys(6) binuclear cluster domain family protein [Clavispora lusitaniae]
XP_002614429.2       -          XP_019330887.1       -            7.4e-05   15.7   4.0    0.0001   15.3   4.0   1.1   1   0   0   1   1   1   1 uncharacterized protein FOB63_004375 [Clavispora lusitaniae]
XP_002614336.2       -          XP_019330888.1       -            1.5e-06   22.6   0.4   1.2e-05   19.7   0.1   2.7   3   0   0   3   3   3   1 SNF2 N-terminal domain family protein [Clavispora lusitaniae]
XP_002614268.2       -          XP_019330888.1       -              4e-06   21.2   0.1   8.4e-06   20.1   0.1   1.6   1   0   0   1   1   1   1 Ring finger domain family protein [Clavispora lusitaniae]
XP_002614153.2       -          XP_019330888.1       -            0.00053   14.3   1.4   0.00053   14.3   1.4   1.5   2   0   0   2   2   2   1 Ring finger domain family protein [Clavispora lusitaniae]
XP_002614336.2       -          XP_019330900.1       -            2.9e-10   33.6   1.5   1.6e-09   31.2   0.6   2.3   2   0   0   2   2   2   1 SNF2 N-terminal domain family protein [Clavispora lusitaniae]
XP_002614153.2       -          XP_019330900.1       -            9.9e-06   18.7   3.4   1.6e-05   18.0   3.4   1.3   1   0   0   1   1   1   1 Ring finger domain family protein [Clavispora lusitaniae]
XP_002614367.1       -          XP_019330900.1       -            2.1e-05   17.7   0.0   2.1e-05   17.7   0.0   2.0   3   0   0   3   3   3   1 Pex2 / Pex12 amino terminal region family protein [Clavispora lusitaniae]
XP_002614268.2       -          XP_019330900.1       -            9.8e-05   15.5   0.2   0.00017   14.7   0.2   1.3   1   0   0   1   1   1   1 Ring finger domain family protein [Clavispora lusitaniae]
XP_002614151.1       -          XP_019330906.1       -            2.1e-46  152.9  12.0   4.4e-46  151.9  11.9   1.5   1   1   0   1   1   1   1 Histone-like transcription factor (CBF/NF-Y) and archaeal histone family protein [Clavispora lusitaniae]
XP_002614369.1       -          XP_019330935.1       -             0.0074   11.1   2.9     0.027    9.3   0.0   3.0   2   0   0   2   2   2   1 Vps54-like family protein [Clavispora lusitaniae]
XP_002614261.1       -          XP_019330941.1       -            5.7e-33  106.9   0.0   6.1e-33  106.8   0.0   1.0   1   0   0   1   1   1   1 Transcription factor Pcc1 family protein [Clavispora lusitaniae]
XP_002614353.1       -          XP_019330954.1       -            6.2e-67  218.9   1.1     7e-67  218.7   1.1   1.0   1   0   0   1   1   1   1 mitochondrial 54S ribosomal protein bL19m [Clavispora lusitaniae]
XP_002614360.1       -          XP_019330958.1       -           1.9e-141  466.5  14.3  2.3e-114  376.9  10.3   2.0   1   1   1   2   2   2   2 Lysophospholipase catalytic domain family protein [Clavispora lusitaniae]
XP_002614229.2       -          XP_019330974.1       -            6.4e-64  210.1   0.0   8.9e-64  209.6   0.0   1.1   1   0   0   1   1   1   1 Replication factor C subunit 2 [Clavispora lusitaniae]
XP_002614204.2       -          XP_019330974.1       -            0.00044   13.4   0.0   0.00082   12.5   0.0   1.4   1   0   0   1   1   1   1 putative DNA helicase [Clavispora lusitaniae]
XP_002614335.2       -          XP_019330983.1       -            6.2e-53  174.2   0.1   1.3e-52  173.1   0.1   1.4   1   1   0   1   1   1   1 Protein kinase domain family protein [Clavispora lusitaniae]
XP_002614208.2       -          XP_019330983.1       -            2.9e-43  142.3   1.7   2.9e-43  142.3   1.7   2.6   2   1   0   2   2   2   1 Protein kinase domain family protein [Clavispora lusitaniae]
XP_002614330.1       -          XP_019330983.1       -            4.7e-34  111.9   1.8   2.8e-32  106.0   1.8   2.0   1   1   0   1   1   1   1 cAMP-dependent protein kinase type 2 domain protein [Clavispora lusitaniae]
XP_002614374.1       -          XP_019330983.1       -              4e-17   56.0   0.1   5.8e-15   48.9   0.1   2.9   1   1   0   1   1   1   1 Protein kinase domain family protein [Clavispora lusitaniae]
XP_002614381.1       -          XP_019330983.1       -            3.1e-11   36.6   0.0   3.5e-09   29.9   0.0   2.3   2   0   0   2   2   2   2 Ribonuclease 2-5A family protein [Clavispora lusitaniae]
XP_002614236.2       -          XP_019330983.1       -            1.6e-09   31.0   0.2   3.1e-08   26.7   0.0   3.0   3   0   0   3   3   3   1 Anticodon binding domain of tRNAs family protein [Clavispora lusitaniae]
XP_002614133.2       -          XP_019330983.1       -            5.6e-08   25.9   0.1   2.8e-07   23.6   0.1   1.9   1   1   0   1   1   1   1 Protein kinase domain family protein [Clavispora lusitaniae]
XP_002614254.2       -          XP_019330987.1       -            7.7e-73  237.2   0.1   8.6e-73  237.0   0.1   1.0   1   0   0   1   1   1   1 Cytosine deaminase [Clavispora lusitaniae]
XP_002614224.2       -          XP_019330990.1       -            0.00028   13.3   0.0   0.00028   13.3   0.0   2.0   2   0   0   2   2   2   1 Dual specificity phosphatase, catalytic domain family protein [Clavispora lusitaniae]
XP_002614216.2       -          XP_019330993.1       -              2e-72  238.6  30.5   2.6e-72  238.2  30.5   1.0   1   0   0   1   1   1   1 Amino acid permease family protein [Clavispora lusitaniae]
XP_002614241.1       -          XP_019330997.1       -            4.6e-86  281.7   0.0     5e-86  281.5   0.0   1.0   1   0   0   1   1   1   1 Phosphatidylglycerophosphatase GEP4, mitochondrial [Clavispora lusitaniae]
XP_002614266.2       -          XP_019330999.1       -            5.7e-95  309.3   1.1   6.3e-95  309.2   1.1   1.0   1   0   0   1   1   1   1 translation elongation factor IF5A [Clavispora lusitaniae]
XP_002614401.1       -          XP_019331002.1       -              3e-08   26.7   3.1     5e-08   26.0   3.1   1.3   1   0   0   1   1   1   1 Fungal Zn(2)-Cys(6) binuclear cluster domain family protein [Clavispora lusitaniae]
XP_002614127.2       -          XP_019331002.1       -            4.9e-06   19.4   7.0   4.9e-06   19.4   7.0   2.6   2   1   1   3   3   3   1 Fungal specific transcription factor domain family protein [Clavispora lusitaniae]
XP_002614282.2       -          XP_019331002.1       -            1.4e-05   17.9   6.4   1.4e-05   17.9   6.4   1.8   1   1   1   2   2   2   1 Fungal specific transcription factor domain family protein [Clavispora lusitaniae]
XP_002614429.2       -          XP_019331002.1       -             0.0052    9.4   5.7    0.0062    9.2   5.7   1.1   1   0   0   1   1   1   1 uncharacterized protein FOB63_004375 [Clavispora lusitaniae]
XP_002614307.2       -          XP_019331004.1       -            1.1e-34  113.6   0.0   1.7e-34  113.1   0.0   1.2   1   0   0   1   1   1   1 Activator of Hsp90 ATPase, N-terminal family protein [Clavispora lusitaniae]
XP_002614319.1       -          XP_019331007.1       -            3.1e-12   40.8   0.1   5.5e-11   36.8   0.1   2.0   1   1   0   1   1   1   1 mitochondrial 54S ribosomal protein uL14m [Clavispora lusitaniae]
XP_002614362.1       -          XP_019331012.1       -            4.3e-20   66.0   1.4   1.4e-18   60.9   1.4   2.2   1   1   0   1   1   1   1 Mitochondrial glycine transporter YMC1 [Clavispora lusitaniae]
XP_002614394.1       -          XP_019331012.1       -            8.8e-09   28.8   0.7   3.8e-05   16.9   0.1   2.5   2   1   0   2   2   2   2 Mitochondrial carrier family protein [Clavispora lusitaniae]
XP_002614344.1       -          XP_019331019.1       -              1e-12   42.0   0.0   2.4e-08   27.6   0.0   2.0   1   1   1   2   2   2   2 RNA recognition motif family protein [Clavispora lusitaniae]
XP_002614216.2       -          XP_019331020.1       -           1.3e-195  645.0  22.8  1.6e-195  644.8  22.8   1.0   1   0   0   1   1   1   1 Amino acid permease family protein [Clavispora lusitaniae]
#
# Program:         phmmer
# Version:         3.3.1 (Jul 2020)
# Pipeline mode:   SEARCH
# Query file:      ./tests/samples/long_names//Calbicans_GCF_000182965.3_ASM18296v3_protein.small.faa
# Target file:     ./tests/samples/long_names//Clusitaniae_GCF_014636115.1_ASM1463611v1_protein.small.faa
# Option settings: phmmer --tblout ./tests/samples/long_names//orthohmm_working_res/Calbicans_GCF_000182965.3_ASM18296v3_protein.small.faa_2_Clusitaniae_GCF_014636115.1_ASM1463611v1_protein.small.faa.phmmerout.txt --noali --notextw --mx BLOSUM62 --cpu 8 ./tests/samples/long_names//Calbicans_GCF_000182965.3_ASM18296v3_protein.small.faa ./tests/samples/long_names//Clusitaniae_GCF_014636115.1_ASM1463611v1_protein.small.faa 
# Current dir:     /Users/jacoblsteenwyk/Desktop/BERKELEY/ORTHOHMM/orthohmm/orthohmm_cli
# Date:            Sun Mar  2 09:39:43 2025
# [ok]
