#                                                               --- full sequence ---- --- best 1 domain ---- --- domain number estimation ----
# target name        accession  query name           accession    E-value  score  bias   E-value  score  bias   exp reg clu  ov env dom rep inc description of target
#------------------- ---------- -------------------- ---------- --------- ------ ----- --------- ------ -----   --- --- --- --- --- --- --- --- ---------------------
XP_025334432.1       -          XP_019330614.1       -             0.0013   11.9   0.0     0.002   11.3   0.0   1.2   1   0   0   1   1   1   1 uncharacterized protein CXQ87_001597 [Candidozyma duobushaemuli]
XP_025334484.1       -          XP_019330616.1       -            3.3e-06   19.3   2.5   3.7e-06   19.1   1.2   1.6   2   0   0   2   2   2   1 uncharacterized protein CXQ87_001650 [Candidozyma duobushaemuli]
XP_025334578.1       -          XP_019330616.1       -                0.6    1.9  12.1      0.44    2.4   8.6   2.4   2   1   1   3   3   3   0 uncharacterized protein CXQ87_001749 [Candidozyma duobushaemuli]
XP_025334432.1       -          XP_019330621.1       -            1.9e-06   21.8   0.1   4.2e-06   20.7   0.1   1.6   1   0   0   1   1   1   1 uncharacterized protein CXQ87_001597 [Candidozyma duobushaemuli]
XP_025334478.1       -          XP_019330622.1       -            7.9e-24   78.5   0.2   1.2e-23   77.9   0.2   1.2   1   0   0   1   1   1   1 uncharacterized protein CXQ87_001644 [Candidozyma duobushaemuli]
XP_025334551.1       -          XP_019330622.1       -            4.7e-13   43.4   0.0   6.4e-13   43.0   0.0   1.1   1   0   0   1   1   1   1 Ras-like protein 1 [Candidozyma duobushaemuli]
XP_025334488.1       -          XP_019330638.1       -             1e-251  830.9   2.8  1.3e-251  830.6   2.8   1.0   1   0   0   1   1   1   1 acetyl-coenzyme A synthetase 1 [Candidozyma duobushaemuli]
XP_025334394.1       -          XP_019330640.1       -           8.1e-163  537.4   9.2  4.8e-157  518.3   4.1   2.0   1   1   0   2   2   2   2 uncharacterized protein CXQ87_001558 [Candidozyma duobushaemuli]
XP_025334503.1       -          XP_019330641.1       -            2.4e-14   47.3   0.0   2.8e-14   47.1   0.0   1.1   1   0   0   1   1   1   1 uncharacterized protein CXQ87_001669 [Candidozyma duobushaemuli]
XP_025334503.1       -          XP_019330642.1       -              1e-14   48.9   0.1   1.2e-14   48.6   0.1   1.0   1   0   0   1   1   1   1 uncharacterized protein CXQ87_001669 [Candidozyma duobushaemuli]
XP_025334505.1       -          XP_019330643.1       -            1.7e-39  129.6   0.1   2.4e-39  129.1   0.1   1.2   1   0   0   1   1   1   1 uncharacterized protein CXQ87_001671 [Candidozyma duobushaemuli]
XP_025334532.1       -          XP_019330643.1       -            2.8e-23   76.3   0.0   3.7e-23   75.9   0.0   1.1   1   0   0   1   1   1   1 uncharacterized protein CXQ87_001700 [Candidozyma duobushaemuli]
XP_025334558.1       -          XP_019330643.1       -            7.5e-23   74.9   0.1   1.6e-21   70.5   0.0   2.0   1   1   0   2   2   2   1 uncharacterized protein CXQ87_001726 [Candidozyma duobushaemuli]
XP_025334421.1       -          XP_019330643.1       -            1.7e-18   60.6   1.3   1.7e-16   54.0   0.3   2.8   2   1   0   2   2   2   2 uncharacterized protein CXQ87_001586 [Candidozyma duobushaemuli]
XP_025334546.1       -          XP_019330643.1       -              3e-18   59.8   0.0   4.2e-18   59.3   0.0   1.1   1   0   0   1   1   1   1 uncharacterized protein CXQ87_001714 [Candidozyma duobushaemuli]
XP_025334595.1       -          XP_019330643.1       -                7.1   -0.6  18.5        16   -1.8  18.5   1.6   1   0   0   1   1   1   0 uncharacterized protein CXQ87_001768 [Candidozyma duobushaemuli]
XP_025334403.1       -          XP_019330655.1       -              8e-20   64.2   0.0   1.6e-19   63.2   0.0   1.5   1   0   0   1   1   1   1 prefoldin, alpha subunit [Candidozyma duobushaemuli]
XP_025334385.1       -          XP_019330680.1       -              4e-27   89.4  20.2   1.9e-26   87.1  20.2   1.9   1   1   0   1   1   1   1 uncharacterized protein CXQ87_001549 [Candidozyma duobushaemuli]
XP_025334429.1       -          XP_019330708.1       -           5.1e-106  347.9   0.1  6.2e-106  347.6   0.1   1.0   1   0   0   1   1   1   1 di-trans,poly-cis-decaprenylcistransferase [Candidozyma duobushaemuli]
XP_025334421.1       -          XP_019330710.1       -            1.2e-67  219.8   2.4   1.2e-67  219.8   2.4   2.2   2   0   0   2   2   2   1 uncharacterized protein CXQ87_001586 [Candidozyma duobushaemuli]
XP_025334575.1       -          XP_019330711.1       -            6.8e-15   49.3   0.0   4.1e-14   46.8   0.0   2.4   2   0   0   2   2   2   1 uncharacterized protein CXQ87_001745 [Candidozyma duobushaemuli]
XP_025334437.1       -          XP_019330714.1       -           3.6e-124  405.7   0.2    4e-124  405.5   0.2   1.0   1   0   0   1   1   1   1 DNA-directed RNA polymerase I, II, and III subunit RPABC1 [Candidozyma duobushaemuli]
XP_025334531.1       -          XP_019330717.1       -            8.8e-65  212.6   6.5   1.1e-64  212.3   6.5   1.0   1   0   0   1   1   1   1 uncharacterized protein CXQ87_001699 [Candidozyma duobushaemuli]
XP_025334536.1       -          XP_019330719.1       -            3.2e-54  176.0   5.5   3.8e-54  175.7   5.5   1.1   1   0   0   1   1   1   1 uncharacterized protein CXQ87_001704 [Candidozyma duobushaemuli]
XP_025334484.1       -          XP_019330725.1       -            1.9e-41  135.8   5.6   1.5e-23   76.5   0.1   2.3   2   0   0   2   2   2   2 uncharacterized protein CXQ87_001650 [Candidozyma duobushaemuli]
XP_025334505.1       -          XP_019330730.1       -            1.3e-31  103.4   0.8   1.6e-31  103.1   0.8   1.1   1   0   0   1   1   1   1 uncharacterized protein CXQ87_001671 [Candidozyma duobushaemuli]
XP_025334532.1       -          XP_019330730.1       -            4.8e-21   68.7   0.0     7e-21   68.1   0.0   1.1   1   0   0   1   1   1   1 uncharacterized protein CXQ87_001700 [Candidozyma duobushaemuli]
XP_025334558.1       -          XP_019330730.1       -            1.5e-16   53.9   0.2   6.6e-16   51.8   0.0   1.9   2   0   0   2   2   2   1 uncharacterized protein CXQ87_001726 [Candidozyma duobushaemuli]
XP_025334421.1       -          XP_019330730.1       -            3.2e-16   52.8   0.1   6.4e-16   51.8   0.1   1.4   1   0   0   1   1   1   1 uncharacterized protein CXQ87_001586 [Candidozyma duobushaemuli]
XP_025334546.1       -          XP_019330730.1       -            2.1e-15   50.1   0.1   7.6e-15   48.3   0.1   1.8   2   1   0   2   2   2   1 uncharacterized protein CXQ87_001714 [Candidozyma duobushaemuli]
XP_025334568.1       -          XP_019330753.1       -              4e-76  250.7  24.8   3.4e-74  244.3  24.8   2.0   1   1   0   1   1   1   1 uncharacterized protein CXQ87_001737 [Candidozyma duobushaemuli]
XP_025334502.1       -          XP_019330753.1       -            3.9e-13   42.7   0.3   3.9e-13   42.7   0.3   1.9   2   0   0   2   2   2   1 uncharacterized protein CXQ87_001668 [Candidozyma duobushaemuli]
XP_025334471.1       -          XP_019330754.1       -           1.7e-225  742.6   2.5  1.9e-225  742.5   2.5   1.0   1   0   0   1   1   1   1 uncharacterized protein CXQ87_001637 [Candidozyma duobushaemuli]
XP_025334537.1       -          XP_019330758.1       -            3.5e-39  128.1   0.2   3.3e-20   65.4   0.0   3.1   3   0   0   3   3   3   3 elongation factor G, mitochondrial [Candidozyma duobushaemuli]
XP_025334411.1       -          XP_019330766.1       -              3e-29   96.1   0.1   3.7e-29   95.8   0.1   1.0   1   0   0   1   1   1   1 uncharacterized protein CXQ87_001576 [Candidozyma duobushaemuli]
XP_025334505.1       -          XP_019330770.1       -            1.8e-34  112.9   0.2   2.3e-34  112.6   0.2   1.1   1   0   0   1   1   1   1 uncharacterized protein CXQ87_001671 [Candidozyma duobushaemuli]
XP_025334558.1       -          XP_019330770.1       -            1.9e-24   79.8   0.0   7.8e-21   67.9   0.0   2.1   2   0   0   2   2   2   2 uncharacterized protein CXQ87_001726 [Candidozyma duobushaemuli]
XP_025334532.1       -          XP_019330770.1       -            4.2e-22   72.1   0.0   5.7e-22   71.7   0.0   1.1   1   0   0   1   1   1   1 uncharacterized protein CXQ87_001700 [Candidozyma duobushaemuli]
XP_025334546.1       -          XP_019330770.1       -            3.1e-15   49.4   0.0   4.3e-15   48.9   0.0   1.1   1   0   0   1   1   1   1 uncharacterized protein CXQ87_001714 [Candidozyma duobushaemuli]
XP_025334421.1       -          XP_019330770.1       -            8.8e-15   47.9   0.1   1.7e-14   47.0   0.1   1.4   1   0   0   1   1   1   1 uncharacterized protein CXQ87_001586 [Candidozyma duobushaemuli]
XP_025334478.1       -          XP_019330773.1       -            2.8e-20   66.6   0.5     5e-19   62.5   0.5   2.1   1   1   0   1   1   1   1 uncharacterized protein CXQ87_001644 [Candidozyma duobushaemuli]
XP_025334551.1       -          XP_019330773.1       -            1.7e-19   64.0   0.3   5.2e-18   59.2   0.3   2.2   1   1   0   1   1   1   1 Ras-like protein 1 [Candidozyma duobushaemuli]
XP_025334484.1       -          XP_019330782.1       -              0.011    8.7   4.4     0.021    7.7   4.4   1.4   1   0   0   1   1   1   0 uncharacterized protein CXQ87_001650 [Candidozyma duobushaemuli]
XP_025334428.1       -          XP_019330790.1       -            0.00062   12.5   0.1     0.014    8.0   0.0   2.3   3   0   0   3   3   3   2 uncharacterized protein CXQ87_001593 [Candidozyma duobushaemuli]
XP_025334558.1       -          XP_019330797.1       -            3.6e-33  108.6   0.0   4.9e-33  108.2   0.0   1.1   1   0   0   1   1   1   1 uncharacterized protein CXQ87_001726 [Candidozyma duobushaemuli]
XP_025334421.1       -          XP_019330797.1       -            1.8e-14   47.0   0.2   5.8e-14   45.4   0.2   1.6   1   1   0   1   1   1   1 uncharacterized protein CXQ87_001586 [Candidozyma duobushaemuli]
XP_025334532.1       -          XP_019330797.1       -            2.2e-14   46.8   0.0   2.8e-14   46.4   0.0   1.1   1   0   0   1   1   1   1 uncharacterized protein CXQ87_001700 [Candidozyma duobushaemuli]
XP_025334505.1       -          XP_019330797.1       -            1.1e-11   37.9   0.5   4.5e-11   35.8   0.2   1.9   2   0   0   2   2   2   1 uncharacterized protein CXQ87_001671 [Candidozyma duobushaemuli]
XP_025334546.1       -          XP_019330797.1       -            1.7e-11   37.3   0.0   2.3e-11   36.8   0.0   1.2   1   0   0   1   1   1   1 uncharacterized protein CXQ87_001714 [Candidozyma duobushaemuli]
XP_025334409.1       -          XP_019330797.1       -             0.0003   13.3   0.1   0.00062   12.3   0.1   1.4   1   0   0   1   1   1   1 uncharacterized protein CXQ87_001574 [Candidozyma duobushaemuli]
XP_025334551.1       -          XP_019330798.1       -            2.1e-20   67.2   0.0   5.4e-20   65.8   0.0   1.6   2   0   0   2   2   2   1 Ras-like protein 1 [Candidozyma duobushaemuli]
XP_025334478.1       -          XP_019330798.1       -            2.7e-17   57.0   0.0   5.1e-17   56.1   0.0   1.4   1   0   0   1   1   1   1 uncharacterized protein CXQ87_001644 [Candidozyma duobushaemuli]
XP_025334492.1       -          XP_019330814.1       -             0.0014   12.8   0.4     0.039    8.2   0.0   3.4   2   1   1   3   3   3   1 OPT family small oligopeptide transporter [Candidozyma duobushaemuli]
XP_025334490.1       -          XP_019330817.1       -            5.9e-31  101.5  70.4   2.9e-28   92.6  70.4   2.6   1   1   0   1   1   1   1 uncharacterized protein CXQ87_001656 [Candidozyma duobushaemuli]
XP_025334400.1       -          XP_019330822.1       -               0.56    4.7  13.0      0.37    5.2   1.6   3.4   3   0   0   3   3   3   0 uncharacterized protein CXQ87_001565 [Candidozyma duobushaemuli]
XP_025334465.1       -          XP_019330830.1       -            1.1e-07   25.9   0.0   2.9e-06   21.3   0.0   2.5   2   0   0   2   2   2   1 uncharacterized protein CXQ87_001630 [Candidozyma duobushaemuli]
XP_025334478.1       -          XP_019330830.1       -            2.6e-06   21.5   0.0   4.5e-06   20.7   0.0   1.3   1   0   0   1   1   1   1 uncharacterized protein CXQ87_001644 [Candidozyma duobushaemuli]
XP_025334551.1       -          XP_019330830.1       -            0.00043   14.3   0.0   0.00063   13.7   0.0   1.2   1   0   0   1   1   1   1 Ras-like protein 1 [Candidozyma duobushaemuli]
XP_025334561.1       -          XP_019330842.1       -            7.4e-08   25.5   5.0   1.3e-07   24.7   5.0   1.3   1   0   0   1   1   1   1 uncharacterized protein CXQ87_001730 [Candidozyma duobushaemuli]
XP_025334481.1       -          XP_019330842.1       -              0.003   10.3   0.0     0.003   10.3   0.0   2.1   2   0   0   2   2   2   1 uncharacterized protein CXQ87_001647 [Candidozyma duobushaemuli]
XP_025334481.1       -          XP_019330843.1       -            0.00036   14.5   4.2   0.00043   14.2   0.9   2.2   2   0   0   2   2   2   1 uncharacterized protein CXQ87_001647 [Candidozyma duobushaemuli]
XP_025334398.1       -          XP_019330857.1       -              8e-41  133.2   0.3     5e-37  120.9   0.1   2.5   2   0   0   2   2   2   2 uncharacterized protein CXQ87_001562 [Candidozyma duobushaemuli]
XP_025334510.1       -          XP_019330857.1       -            1.9e-25   83.3   0.0   2.9e-25   82.7   0.0   1.3   1   0   0   1   1   1   1 uncharacterized protein CXQ87_001676 [Candidozyma duobushaemuli]
XP_025334519.1       -          XP_019330857.1       -            2.8e-06   21.2   0.1   0.00078   13.2   0.0   2.8   3   0   0   3   3   3   2 ABC transporter ATP-binding protein ARB1 [Candidozyma duobushaemuli]
XP_025334449.1       -          XP_019330865.1       -            7.9e-93  302.9  16.2   9.1e-93  302.7  16.2   1.0   1   0   0   1   1   1   1 60S ribosomal protein L19-B [Candidozyma duobushaemuli]
XP_025334452.1       -          XP_019330866.1       -            9.8e-58  189.3  12.0   1.1e-57  189.1  12.0   1.0   1   0   0   1   1   1   1 uncharacterized protein CXQ87_001617 [Candidozyma duobushaemuli]
XP_025334542.1       -          XP_019330878.1       -            3.1e-18   60.1   0.0     4e-18   59.7   0.0   1.1   1   0   0   1   1   1   1 uncharacterized protein CXQ87_001710 [Candidozyma duobushaemuli]
XP_025334481.1       -          XP_019330888.1       -            0.00014   16.0   0.1   0.00027   15.0   0.1   1.5   1   0   0   1   1   1   1 uncharacterized protein CXQ87_001647 [Candidozyma duobushaemuli]
XP_025334561.1       -          XP_019330888.1       -             0.0017   12.5   3.3    0.0037   11.4   3.3   1.5   1   0   0   1   1   1   1 uncharacterized protein CXQ87_001730 [Candidozyma duobushaemuli]
XP_025334440.1       -          XP_019330894.1       -            1.1e-05   18.0   0.8    0.0087    8.5   0.2   2.1   2   0   0   2   2   2   2 ribokinase [Candidozyma duobushaemuli]
XP_025334600.1       -          XP_019330897.1       -            7.2e-17   55.4   0.2     1e-16   54.9   0.2   1.1   1   0   0   1   1   1   1 ATP synthase subunit beta, mitochondrial [Candidozyma duobushaemuli]
XP_025334564.1       -          XP_019330899.1       -           2.5e-219  722.2   6.8  2.7e-219  722.0   6.8   1.0   1   0   0   1   1   1   1 uncharacterized protein CXQ87_001733 [Candidozyma duobushaemuli]
XP_025334561.1       -          XP_019330900.1       -           1.8e-121  398.5   0.4    3e-121  397.8   0.4   1.3   1   0   0   1   1   1   1 uncharacterized protein CXQ87_001730 [Candidozyma duobushaemuli]
XP_025334481.1       -          XP_019330900.1       -            2.4e-06   20.6   4.3   3.3e-06   20.1   0.1   2.6   3   0   0   3   3   3   1 uncharacterized protein CXQ87_001647 [Candidozyma duobushaemuli]
XP_025334503.1       -          XP_019330902.1       -            7.6e-10   32.2   0.0   1.2e-09   31.5   0.0   1.3   1   1   0   1   1   1   1 uncharacterized protein CXQ87_001669 [Candidozyma duobushaemuli]
XP_025334377.1       -          XP_019330906.1       -              0.029    7.8  19.3    0.0042   10.6  10.6   2.3   2   0   0   2   2   2   0 uncharacterized protein CXQ87_001541 [Candidozyma duobushaemuli]
XP_025334583.1       -          XP_019330958.1       -            1.3e-97  321.4   8.9   3.4e-69  227.4   5.9   3.0   1   1   1   2   2   2   2 uncharacterized protein CXQ87_001754 [Candidozyma duobushaemuli]
XP_025334452.1       -          XP_019330978.1       -            8.8e-05   16.8   0.0   0.00024   15.4   0.0   1.8   1   0   0   1   1   1   1 uncharacterized protein CXQ87_001617 [Candidozyma duobushaemuli]
XP_025334558.1       -          XP_019330983.1       -              3e-38  125.6   0.1   2.5e-37  122.6   0.1   2.0   1   1   0   1   1   1   1 uncharacterized protein CXQ87_001726 [Candidozyma duobushaemuli]
XP_025334421.1       -          XP_019330983.1       -            1.1e-24   80.8   0.4   3.6e-24   79.1   0.4   1.7   1   1   0   1   1   1   1 uncharacterized protein CXQ87_001586 [Candidozyma duobushaemuli]
XP_025334532.1       -          XP_019330983.1       -            2.1e-18   60.1   0.1   3.1e-16   53.0   0.1   2.3   1   1   0   1   1   1   1 uncharacterized protein CXQ87_001700 [Candidozyma duobushaemuli]
XP_025334546.1       -          XP_019330983.1       -            1.2e-12   41.1   0.2   2.3e-11   36.9   0.2   2.1   1   1   0   1   1   1   1 uncharacterized protein CXQ87_001714 [Candidozyma duobushaemuli]
XP_025334505.1       -          XP_019330983.1       -            1.8e-11   37.2   4.3   3.2e-08   26.5   1.2   3.5   2   1   0   2   2   2   2 uncharacterized protein CXQ87_001671 [Candidozyma duobushaemuli]
XP_025334375.1       -          XP_019330993.1       -            6.1e-94  309.5  20.2   7.8e-94  309.1  20.2   1.0   1   0   0   1   1   1   1 uncharacterized protein CXQ87_001539 [Candidozyma duobushaemuli]
XP_025334393.1       -          XP_019330993.1       -              2e-54  179.0  25.2   2.5e-54  178.7  25.2   1.0   1   0   0   1   1   1   1 uncharacterized protein CXQ87_001557 [Candidozyma duobushaemuli]
XP_025334465.1       -          XP_019331008.1       -            3.7e-05   17.7   0.1   0.00028   14.8   0.0   2.2   2   0   0   2   2   2   1 uncharacterized protein CXQ87_001630 [Candidozyma duobushaemuli]
XP_025334478.1       -          XP_019331008.1       -            6.2e-05   17.0   0.0    0.0001   16.3   0.0   1.3   1   0   0   1   1   1   1 uncharacterized protein CXQ87_001644 [Candidozyma duobushaemuli]
XP_025334551.1       -          XP_019331008.1       -            0.00015   15.7   0.0   0.00021   15.2   0.0   1.2   1   0   0   1   1   1   1 Ras-like protein 1 [Candidozyma duobushaemuli]
XP_025334452.1       -          XP_019331019.1       -            5.1e-06   19.7   0.0   6.8e-06   19.3   0.0   1.1   1   0   0   1   1   1   1 uncharacterized protein CXQ87_001617 [Candidozyma duobushaemuli]
XP_025334595.1       -          XP_019331019.1       -            1.9e-05   17.9   0.0   3.8e-05   16.9   0.0   1.5   1   0   0   1   1   1   1 uncharacterized protein CXQ87_001768 [Candidozyma duobushaemuli]
XP_025334375.1       -          XP_019331020.1       -            4.6e-90  296.5  17.7   5.8e-90  296.2  17.7   1.0   1   0   0   1   1   1   1 uncharacterized protein CXQ87_001539 [Candidozyma duobushaemuli]
XP_025334393.1       -          XP_019331020.1       -            6.6e-20   65.0  18.9   8.7e-20   64.6  18.9   1.1   1   0   0   1   1   1   1 uncharacterized protein CXQ87_001557 [Candidozyma duobushaemuli]
#
# Program:         phmmer
# Version:         3.3.1 (Jul 2020)
# Pipeline mode:   SEARCH
# Query file:      ./tests/samples/long_names//Calbicans_GCF_000182965.3_ASM18296v3_protein.small.faa
# Target file:     ./tests/samples/long_names//Cduobushaemulonii_GCF_002926085.2_CanDuoHae_v1.0_protein.small.faa
# Option settings: phmmer --tblout ./tests/samples/long_names//orthohmm_working_res/Calbicans_GCF_000182965.3_ASM18296v3_protein.small.faa_2_Cduobushaemulonii_GCF_002926085.2_CanDuoHae_v1.0_protein.small.faa.phmmerout.txt --noali --notextw --mx BLOSUM62 --cpu 8 ./tests/samples/long_names//Calbicans_GCF_000182965.3_ASM18296v3_protein.small.faa ./tests/samples/long_names//Cduobushaemulonii_GCF_002926085.2_CanDuoHae_v1.0_protein.small.faa 
# Current dir:     /Users/jacoblsteenwyk/Desktop/BERKELEY/ORTHOHMM/orthohmm/orthohmm_cli
# Date:            Sun Mar  2 09:39:43 2025
# [ok]
