#                                                               --- full sequence ---- --- best 1 domain ---- --- domain number estimation ----
# target name        accession  query name           accession    E-value  score  bias   E-value  score  bias   exp reg clu  ov env dom rep inc description of target
#------------------- ---------- -------------------- ---------- --------- ------ ----- --------- ------ -----   --- --- --- --- --- --- --- --- ---------------------
XP_019330993.1       -          XP_025334375.1       -            4.3e-92  304.3  26.0   5.5e-92  304.0  26.0   1.0   1   0   0   1   1   1   1 Can3p [Candida albicans SC5314]
XP_019331020.1       -          XP_025334375.1       -            8.4e-90  296.8  19.7     1e-89  296.5  19.7   1.0   1   0   0   1   1   1   1 uncharacterized protein CAALFM_C700630CA [Candida albicans SC5314]
XP_019330906.1       -          XP_025334377.1       -              0.011    8.4  14.3     0.015    7.9  14.3   1.1   1   0   0   1   1   1   0 Hap3p [Candida albicans SC5314]
XP_019330699.1       -          XP_025334377.1       -                0.9    2.0   8.0      0.97    1.9   8.0   1.0   1   0   0   1   1   1   0 uncharacterized protein CAALFM_C111260CA [Candida albicans SC5314]
XP_019330680.1       -          XP_025334385.1       -            4.7e-26   86.6  26.2   3.7e-24   80.4  26.2   2.7   1   1   0   1   1   1   1 uncharacterized protein CAALFM_C108710WA [Candida albicans SC5314]
XP_019330993.1       -          XP_025334393.1       -            8.8e-52  171.5  30.1   1.2e-51  171.0  30.1   1.1   1   0   0   1   1   1   1 Can3p [Candida albicans SC5314]
XP_019331020.1       -          XP_025334393.1       -            1.9e-19   64.9  18.4   3.1e-19   64.2  18.4   1.3   1   0   0   1   1   1   1 uncharacterized protein CAALFM_C700630CA [Candida albicans SC5314]
XP_019330640.1       -          XP_025334394.1       -           2.8e-162  536.4  14.9  1.3e-156  517.6  10.2   2.0   1   1   1   2   2   2   2 metallo-aminopeptidase [Candida albicans SC5314]
XP_019330857.1       -          XP_025334398.1       -            1.7e-36  119.7   0.0   2.1e-36  119.5   0.0   1.0   1   0   0   1   1   1   1 uncharacterized protein CAALFM_C304100WA [Candida albicans SC5314]
XP_019330655.1       -          XP_025334403.1       -            3.5e-19   64.2   0.0   3.7e-19   64.1   0.0   1.0   1   0   0   1   1   1   1 uncharacterized protein CAALFM_C105790WA [Candida albicans SC5314]
XP_019330797.1       -          XP_025334409.1       -             0.0011   12.1   0.1    0.0016   11.6   0.1   1.2   1   0   0   1   1   1   1 serine/threonine protein kinase [Candida albicans SC5314]
XP_019330766.1       -          XP_025334411.1       -            5.3e-29   96.1   0.3   7.9e-29   95.5   0.3   1.2   1   0   0   1   1   1   1 uncharacterized protein CAALFM_C203970WA [Candida albicans SC5314]
XP_019330710.1       -          XP_025334421.1       -            1.1e-66  220.1   3.4   1.2e-66  219.9   3.4   1.0   1   0   0   1   1   1   1 ribosomal 60S subunit protein L27A [Candida albicans SC5314]
XP_019330983.1       -          XP_025334421.1       -            8.9e-25   81.3   0.6   1.6e-24   80.5   0.6   1.3   1   1   0   1   1   1   1 serine/threonine protein kinase [Candida albicans SC5314]
XP_019330643.1       -          XP_025334421.1       -            4.3e-18   59.1   0.4   1.4e-16   54.1   0.0   2.2   2   0   0   2   2   2   2 cyclin-dependent serine/threonine-protein kinase [Candida albicans SC5314]
XP_019330730.1       -          XP_025334421.1       -            2.4e-15   50.1   0.0   3.1e-15   49.7   0.0   1.1   1   0   0   1   1   1   1 mitogen-activated protein kinase [Candida albicans SC5314]
XP_019330770.1       -          XP_025334421.1       -            2.3e-14   46.8   0.1   3.1e-14   46.3   0.1   1.3   1   0   0   1   1   1   1 uncharacterized protein CAALFM_C204280WA [Candida albicans SC5314]
XP_019330797.1       -          XP_025334421.1       -              4e-14   46.0   0.2   5.9e-14   45.4   0.2   1.1   1   0   0   1   1   1   1 serine/threonine protein kinase [Candida albicans SC5314]
XP_019330708.1       -          XP_025334429.1       -           6.8e-106  348.4   0.1  8.1e-106  348.1   0.1   1.0   1   0   0   1   1   1   1 ditrans,polycis-polyprenyl diphosphate synthase [Candida albicans SC5314]
XP_019330621.1       -          XP_025334432.1       -            1.7e-06   22.2   0.1     2e-06   22.0   0.1   1.1   1   0   0   1   1   1   1 ribosomal 40S subunit protein S16A [Candida albicans SC5314]
XP_019330614.1       -          XP_025334432.1       -            0.00092   13.2   0.0     0.002   12.1   0.0   1.5   1   0   0   1   1   1   1 uncharacterized protein CAALFM_C101930WA [Candida albicans SC5314]
XP_019330714.1       -          XP_025334437.1       -           6.6e-124  406.0   0.4  7.3e-124  405.9   0.4   1.0   1   0   0   1   1   1   1 DNA-directed RNA polymerase core subunit [Candida albicans SC5314]
XP_019330894.1       -          XP_025334440.1       -              1e-05   19.4   0.7     0.019    8.7   0.4   2.3   2   0   0   2   2   2   2 uncharacterized protein CAALFM_C307920WA [Candida albicans SC5314]
XP_019330865.1       -          XP_025334449.1       -            3.8e-92  302.2  17.6   4.7e-92  301.9  17.6   1.0   1   0   0   1   1   1   1 ribosomal 60S subunit protein L19A [Candida albicans SC5314]
XP_019330866.1       -          XP_025334452.1       -            8.4e-58  190.1  11.0   9.9e-58  189.9  11.0   1.1   1   0   0   1   1   1   1 RNA-binding protein [Candida albicans SC5314]
XP_019331019.1       -          XP_025334452.1       -            5.5e-11   37.4   0.1   2.9e-05   18.8   0.0   3.1   3   0   0   3   3   3   3 single-stranded telomeric DNA-binding/mRNA-binding protein [Candida albicans SC5314]
XP_019330978.1       -          XP_025334452.1       -            0.00013   16.6   0.0   0.00014   16.6   0.0   1.1   1   0   0   1   1   1   1 uncharacterized protein CAALFM_C504480CA [Candida albicans SC5314]
XP_019330830.1       -          XP_025334465.1       -            6.3e-07   23.5   0.1   3.9e-06   20.9   0.0   1.9   1   1   1   2   2   2   1 Arf3p [Candida albicans SC5314]
XP_019331008.1       -          XP_025334465.1       -            5.8e-05   17.1   0.0   0.00016   15.6   0.0   1.6   1   1   1   2   2   2   1 Arf family GTPase [Candida albicans SC5314]
XP_019330754.1       -          XP_025334471.1       -             5e-225  741.7   2.4    6e-225  741.5   2.4   1.0   1   0   0   1   1   1   1 uncharacterized protein CAALFM_C202640CA [Candida albicans SC5314]
XP_019330622.1       -          XP_025334478.1       -            1.8e-23   78.2   0.3   2.2e-23   77.9   0.3   1.0   1   0   0   1   1   1   1 Ras family GTPase [Candida albicans SC5314]
XP_019330773.1       -          XP_025334478.1       -            8.2e-21   69.4   0.3   7.4e-19   63.0   0.3   2.0   1   1   0   1   1   1   1 Rho family GTPase [Candida albicans SC5314]
XP_019330798.1       -          XP_025334478.1       -              6e-17   56.7   0.0   7.3e-17   56.4   0.0   1.0   1   0   0   1   1   1   1 Rho family GTPase [Candida albicans SC5314]
XP_019330830.1       -          XP_025334478.1       -            2.8e-06   21.6   0.0   3.5e-06   21.3   0.0   1.1   1   0   0   1   1   1   1 Arf3p [Candida albicans SC5314]
XP_019331008.1       -          XP_025334478.1       -            6.1e-05   17.2   0.0   7.5e-05   16.9   0.0   1.1   1   0   0   1   1   1   1 Arf family GTPase [Candida albicans SC5314]
XP_019330900.1       -          XP_025334481.1       -            4.4e-06   20.6   2.9   1.2e-05   19.1   0.2   2.1   2   0   0   2   2   2   1 ubiquitin-protein ligase peroxin 10 [Candida albicans SC5314]
XP_019330888.1       -          XP_025334481.1       -            0.00022   15.0   0.1   0.00028   14.6   0.1   1.3   1   0   0   1   1   1   1 uncharacterized protein CAALFM_C307380WA [Candida albicans SC5314]
XP_019330843.1       -          XP_025334481.1       -              0.038    7.6   8.7    0.0038   10.9   3.1   1.9   1   1   1   2   2   2   0 SCF ubiquitin ligase complex subunit [Candida albicans SC5314]
XP_019330725.1       -          XP_025334484.1       -            2.8e-41  136.2   6.0   1.8e-23   77.3   0.1   2.3   2   0   0   2   2   2   2 Rob1p [Candida albicans SC5314]
XP_019330616.1       -          XP_025334484.1       -            5.9e-05   16.1   3.8   5.9e-05   16.1   3.8   1.6   2   0   0   2   2   2   1 Zcf24p [Candida albicans SC5314]
XP_019330782.1       -          XP_025334484.1       -              0.017    7.9   3.7     0.024    7.5   3.7   1.2   1   0   0   1   1   1   0 uncharacterized protein CAALFM_C205770WA [Candida albicans SC5314]
XP_019330638.1       -          XP_025334488.1       -           1.3e-251  831.1   2.4  1.8e-251  830.6   2.4   1.1   1   0   0   1   1   1   1 acetate--CoA ligase [Candida albicans SC5314]
XP_019330817.1       -          XP_025334490.1       -            1.9e-35  117.4  13.2   1.9e-35  117.4  13.2   3.0   1   1   1   2   2   2   1 Slr1p [Candida albicans SC5314]
XP_019330753.1       -          XP_025334502.1       -            8.8e-13   42.0   0.2   8.8e-13   42.0   0.2   2.1   2   1   0   2   2   2   1 uncharacterized protein CAALFM_C202570WA [Candida albicans SC5314]
XP_019330642.1       -          XP_025334503.1       -            7.7e-15   49.5   0.1     1e-14   49.1   0.1   1.0   1   0   0   1   1   1   1 Fma1p [Candida albicans SC5314]
XP_019330641.1       -          XP_025334503.1       -            1.7e-14   48.4   0.1   2.1e-14   48.1   0.1   1.0   1   0   0   1   1   1   1 sepiapterin reductase family protein [Candida albicans SC5314]
XP_019330902.1       -          XP_025334503.1       -            1.6e-09   32.1   0.0   3.2e-09   31.1   0.0   1.4   1   1   0   1   1   1   1 uncharacterized protein CAALFM_C400610WA [Candida albicans SC5314]
XP_019330643.1       -          XP_025334505.1       -            1.9e-39  130.1   0.0   3.2e-39  129.4   0.0   1.3   1   1   0   1   1   1   1 cyclin-dependent serine/threonine-protein kinase [Candida albicans SC5314]
XP_019330770.1       -          XP_025334505.1       -            3.5e-34  112.8   0.1   6.6e-34  111.9   0.1   1.4   1   0   0   1   1   1   1 uncharacterized protein CAALFM_C204280WA [Candida albicans SC5314]
XP_019330730.1       -          XP_025334505.1       -            3.9e-31  102.8   0.3   5.3e-31  102.4   0.3   1.1   1   0   0   1   1   1   1 mitogen-activated protein kinase [Candida albicans SC5314]
XP_019330983.1       -          XP_025334505.1       -            3.8e-12   40.4   6.1   5.8e-07   23.4   2.2   3.9   2   1   0   3   3   3   3 serine/threonine protein kinase [Candida albicans SC5314]
XP_019330797.1       -          XP_025334505.1       -              1e-11   39.0   0.4   7.5e-11   36.2   0.2   2.1   1   1   1   2   2   2   1 serine/threonine protein kinase [Candida albicans SC5314]
XP_019330857.1       -          XP_025334510.1       -            9.8e-25   82.4   0.0   1.2e-24   82.1   0.0   1.3   1   1   0   1   1   1   1 uncharacterized protein CAALFM_C304100WA [Candida albicans SC5314]
XP_019330857.1       -          XP_025334519.1       -            0.00067   13.0   0.0    0.0008   12.8   0.0   1.1   1   0   0   1   1   1   1 uncharacterized protein CAALFM_C304100WA [Candida albicans SC5314]
XP_019330717.1       -          XP_025334531.1       -            2.8e-64  211.5   6.4   3.3e-64  211.3   6.4   1.0   1   0   0   1   1   1   1 uncharacterized protein CAALFM_C112920CA [Candida albicans SC5314]
XP_019330643.1       -          XP_025334532.1       -            4.2e-23   76.7   0.0   5.4e-23   76.4   0.0   1.1   1   0   0   1   1   1   1 cyclin-dependent serine/threonine-protein kinase [Candida albicans SC5314]
XP_019330770.1       -          XP_025334532.1       -            1.3e-21   71.9   0.0   2.6e-21   70.9   0.0   1.4   1   0   0   1   1   1   1 uncharacterized protein CAALFM_C204280WA [Candida albicans SC5314]
XP_019330730.1       -          XP_025334532.1       -            3.5e-20   67.2   0.0   5.2e-20   66.6   0.0   1.2   1   0   0   1   1   1   1 mitogen-activated protein kinase [Candida albicans SC5314]
XP_019330983.1       -          XP_025334532.1       -            1.3e-18   62.0   0.5     4e-10   34.1   0.4   2.7   2   1   0   2   2   2   2 serine/threonine protein kinase [Candida albicans SC5314]
XP_019330797.1       -          XP_025334532.1       -            8.9e-14   46.1   0.0   1.3e-13   45.6   0.0   1.1   1   0   0   1   1   1   1 serine/threonine protein kinase [Candida albicans SC5314]
XP_019330620.1       -          XP_025334535.1       -                1.6    1.6  12.1       1.6    1.5  12.1   1.0   1   0   0   1   1   1   0 uncharacterized protein CAALFM_C102770WA [Candida albicans SC5314]
XP_019330719.1       -          XP_025334536.1       -            1.1e-53  174.8   7.5   2.3e-53  173.8   7.5   1.5   1   1   0   1   1   1   1 ribosomal 60S subunit protein L14B [Candida albicans SC5314]
XP_019330758.1       -          XP_025334537.1       -            1.4e-39  130.6   0.8   2.1e-20   67.3   0.3   3.1   3   0   0   3   3   3   3 elongation factor 2 [Candida albicans SC5314]
XP_019330878.1       -          XP_025334542.1       -            5.5e-18   59.9   0.0   6.8e-18   59.6   0.0   1.1   1   0   0   1   1   1   1 Tsa1bp [Candida albicans SC5314]
XP_019330643.1       -          XP_025334546.1       -            5.2e-18   59.9   0.0   6.8e-18   59.5   0.0   1.0   1   0   0   1   1   1   1 cyclin-dependent serine/threonine-protein kinase [Candida albicans SC5314]
XP_019330770.1       -          XP_025334546.1       -              1e-14   49.0   0.0   1.9e-14   48.1   0.0   1.4   1   0   0   1   1   1   1 uncharacterized protein CAALFM_C204280WA [Candida albicans SC5314]
XP_019330730.1       -          XP_025334546.1       -            1.7e-14   48.3   0.0   4.1e-14   47.0   0.0   1.7   1   1   0   1   1   1   1 mitogen-activated protein kinase [Candida albicans SC5314]
XP_019330983.1       -          XP_025334546.1       -            1.4e-12   41.9   0.4   4.5e-11   37.0   0.4   2.2   1   1   0   1   1   1   1 serine/threonine protein kinase [Candida albicans SC5314]
XP_019330797.1       -          XP_025334546.1       -            5.4e-11   36.7   0.0     7e-11   36.3   0.0   1.1   1   0   0   1   1   1   1 serine/threonine protein kinase [Candida albicans SC5314]
XP_019330798.1       -          XP_025334551.1       -              2e-19   65.0   0.0   2.6e-19   64.6   0.0   1.2   1   0   0   1   1   1   1 Rho family GTPase [Candida albicans SC5314]
XP_019330773.1       -          XP_025334551.1       -            4.9e-19   63.7   0.2   2.7e-17   58.0   0.2   2.0   1   1   0   1   1   1   1 Rho family GTPase [Candida albicans SC5314]
XP_019330622.1       -          XP_025334551.1       -            2.8e-12   41.6   0.0   3.7e-12   41.2   0.0   1.0   1   0   0   1   1   1   1 Ras family GTPase [Candida albicans SC5314]
XP_019331008.1       -          XP_025334551.1       -             0.0005   14.7   0.0   0.00062   14.4   0.0   1.1   1   0   0   1   1   1   1 Arf family GTPase [Candida albicans SC5314]
XP_019330830.1       -          XP_025334551.1       -             0.0017   13.0   0.0     0.002   12.7   0.0   1.1   1   0   0   1   1   1   1 Arf3p [Candida albicans SC5314]
XP_019330983.1       -          XP_025334558.1       -            3.8e-38  126.3   0.4   4.9e-37  122.6   0.4   2.0   1   1   0   1   1   1   1 serine/threonine protein kinase [Candida albicans SC5314]
XP_019330797.1       -          XP_025334558.1       -            1.5e-32  107.8   0.0   2.2e-32  107.3   0.0   1.1   1   0   0   1   1   1   1 serine/threonine protein kinase [Candida albicans SC5314]
XP_019330770.1       -          XP_025334558.1       -            9.1e-24   78.9   0.0   3.7e-20   67.0   0.0   2.4   2   0   0   2   2   2   2 uncharacterized protein CAALFM_C204280WA [Candida albicans SC5314]
XP_019330643.1       -          XP_025334558.1       -            2.2e-22   74.3   0.0   2.8e-21   70.7   0.0   1.9   2   0   0   2   2   2   1 cyclin-dependent serine/threonine-protein kinase [Candida albicans SC5314]
XP_019330730.1       -          XP_025334558.1       -            1.3e-15   52.0   0.2   6.6e-15   49.7   0.0   1.9   2   0   0   2   2   2   1 mitogen-activated protein kinase [Candida albicans SC5314]
XP_019330900.1       -          XP_025334561.1       -             7e-121  399.3   0.7  8.1e-121  399.1   0.7   1.0   1   0   0   1   1   1   1 ubiquitin-protein ligase peroxin 10 [Candida albicans SC5314]
XP_019330842.1       -          XP_025334561.1       -            1.5e-08   27.4   2.5   2.3e-08   26.8   2.5   1.2   1   0   0   1   1   1   1 ubiquitin-protein ligase [Candida albicans SC5314]
XP_019330888.1       -          XP_025334561.1       -            0.00013   14.4   0.2   0.00014   14.2   0.2   1.1   1   0   0   1   1   1   1 uncharacterized protein CAALFM_C307380WA [Candida albicans SC5314]
XP_019330899.1       -          XP_025334564.1       -           2.9e-219  723.0   6.0  3.5e-219  722.7   6.0   1.0   1   0   0   1   1   1   1 uncharacterized protein CAALFM_C400290CA [Candida albicans SC5314]
XP_019330753.1       -          XP_025334568.1       -              4e-76  251.1  23.2   2.4e-74  245.2  23.2   2.0   1   1   0   1   1   1   1 uncharacterized protein CAALFM_C202570WA [Candida albicans SC5314]
XP_019330711.1       -          XP_025334575.1       -            3.3e-14   45.7   0.0   3.7e-14   45.5   0.0   1.0   1   0   0   1   1   1   1 uncharacterized protein CAALFM_C112480WA [Candida albicans SC5314]
XP_019330616.1       -          XP_025334578.1       -               0.35    3.6   9.4       0.3    3.8   6.5   2.2   3   0   0   3   3   3   0 Zcf24p [Candida albicans SC5314]
XP_019330958.1       -          XP_025334583.1       -            3.9e-99  327.4   5.9   9.9e-50  164.2   3.0   3.1   2   1   1   3   3   3   3 putative carboxylic ester hydrolase [Candida albicans SC5314]
XP_019330856.1       -          XP_025334585.1       -              0.019    7.8  14.3     0.019    7.8  14.3   1.0   1   0   0   1   1   1   0 ubiquinol--cytochrome-c reductase subunit 6 [Candida albicans SC5314]
XP_019331019.1       -          XP_025334595.1       -            2.6e-12   40.9   0.3   4.2e-05   17.1   0.0   3.1   2   1   1   3   3   3   3 single-stranded telomeric DNA-binding/mRNA-binding protein [Candida albicans SC5314]
XP_019330697.1       -          XP_025334595.1       -            0.00049   13.5   0.8   0.00086   12.7   0.2   1.6   1   1   1   2   2   2   1 uncharacterized protein CAALFM_C111050WA [Candida albicans SC5314]
XP_019330643.1       -          XP_025334595.1       -                1.6    1.9  14.2       2.3    1.4  14.2   1.1   1   0   0   1   1   1   0 cyclin-dependent serine/threonine-protein kinase [Candida albicans SC5314]
XP_019330897.1       -          XP_025334600.1       -            1.1e-16   54.8   0.4   1.4e-16   54.4   0.4   1.1   1   0   0   1   1   1   1 F1F0 ATP synthase subunit beta [Candida albicans SC5314]
#
# Program:         phmmer
# Version:         3.3.1 (Jul 2020)
# Pipeline mode:   SEARCH
# Query file:      ./tests/samples/long_names//Cduobushaemulonii_GCF_002926085.2_CanDuoHae_v1.0_protein.small.faa
# Target file:     ./tests/samples/long_names//Calbicans_GCF_000182965.3_ASM18296v3_protein.small.faa
# Option settings: phmmer --tblout ./tests/samples/long_names//orthohmm_working_res/Cduobushaemulonii_GCF_002926085.2_CanDuoHae_v1.0_protein.small.faa_2_Calbicans_GCF_000182965.3_ASM18296v3_protein.small.faa.phmmerout.txt --noali --notextw --mx BLOSUM62 --cpu 8 ./tests/samples/long_names//Cduobushaemulonii_GCF_002926085.2_CanDuoHae_v1.0_protein.small.faa ./tests/samples/long_names//Calbicans_GCF_000182965.3_ASM18296v3_protein.small.faa 
# Current dir:     /Users/jacoblsteenwyk/Desktop/BERKELEY/ORTHOHMM/orthohmm/orthohmm_cli
# Date:            Sun Mar  2 09:39:58 2025
# [ok]
