#                                                               --- full sequence ---- --- best 1 domain ---- --- domain number estimation ----
# target name        accession  query name           accession    E-value  score  bias   E-value  score  bias   exp reg clu  ov env dom rep inc description of target
#------------------- ---------- -------------------- ---------- --------- ------ ----- --------- ------ -----   --- --- --- --- --- --- --- --- ---------------------
XP_025339562.1       -          XP_025334386.1       -            5.4e-09   28.6   0.0   1.7e-07   23.6   0.0   2.1   1   1   1   2   2   2   2 hypothetical protein CXQ85_000904 [Candidozyma haemuli]
XP_025339719.1       -          XP_025334387.1       -            4.6e-07   23.0   0.7   2.7e-06   20.4   0.0   2.2   2   0   0   2   2   2   1 hypothetical protein CXQ85_001068 [Candidozyma haemuli]
XP_025339705.1       -          XP_025334388.1       -              6e-06   20.2   0.8   4.2e-05   17.4   0.8   2.1   1   1   0   1   1   1   1 hypothetical protein CXQ85_001053 [Candidozyma haemuli]
XP_025339576.1       -          XP_025334398.1       -            9.9e-08   23.6   0.0   1.4e-05   16.5   0.0   2.8   3   0   0   3   3   3   3 translation initiation factor RLI1 [Candidozyma haemuli]
XP_025339681.1       -          XP_025334398.1       -            4.3e-06   18.2   0.2    0.0042    8.3   0.1   2.0   2   0   0   2   2   2   2 hypothetical protein CXQ85_001027 [Candidozyma haemuli]
XP_025339685.1       -          XP_025334421.1       -            1.9e-40  132.3   1.8   3.8e-28   91.6   1.9   2.4   2   1   0   2   2   2   2 hypothetical protein CXQ85_001031 [Candidozyma haemuli]
XP_025339599.1       -          XP_025334421.1       -            1.1e-39  129.9   0.1   1.1e-39  129.9   0.1   1.6   2   0   0   2   2   2   1 hypothetical protein CXQ85_000942 [Candidozyma haemuli]
XP_025339605.1       -          XP_025334421.1       -            9.7e-25   80.3   0.1   9.7e-25   80.3   0.1   2.4   2   0   0   2   2   2   1 hypothetical protein CXQ85_000948 [Candidozyma haemuli]
XP_025339741.1       -          XP_025334421.1       -            1.7e-14   46.4   5.3   4.1e-14   45.2   4.8   1.8   1   1   0   1   1   1   1 hypothetical protein CXQ85_001090 [Candidozyma haemuli]
XP_025339595.1       -          XP_025334423.1       -            4.4e-10   33.5   0.0   2.3e-09   31.2   0.0   2.1   2   0   0   2   2   2   1 hypothetical protein CXQ85_000938 [Candidozyma haemuli]
XP_025339679.1       -          XP_025334436.1       -            1.2e-06   20.7   2.1   0.00011   14.2   0.1   2.2   2   0   0   2   2   2   2 hypothetical protein CXQ85_001025 [Candidozyma haemuli]
XP_025339722.1       -          XP_025334436.1       -            4.3e-06   18.9   0.0   2.5e-05   16.3   0.0   2.2   2   0   0   2   2   2   1 hypothetical protein CXQ85_001071 [Candidozyma haemuli]
XP_025339587.1       -          XP_025334442.1       -            0.00048   13.6   0.3   0.00089   12.8   0.1   1.5   2   0   0   2   2   2   1 hypothetical protein CXQ85_000929 [Candidozyma haemuli]
XP_025339655.1       -          XP_025334444.1       -            2.8e-15   50.5   8.4   7.1e-15   49.2   8.4   1.6   1   1   0   1   1   1   1 hypothetical protein CXQ85_001001 [Candidozyma haemuli]
XP_025339640.1       -          XP_025334452.1       -            6.1e-10   33.3   1.7   5.9e-05   17.0   0.3   4.3   1   1   3   4   4   4   4 polyadenylate-binding protein, cytoplasmic and nuclear [Candidozyma haemuli]
XP_025339636.1       -          XP_025334481.1       -            5.5e-05   16.2   0.1   5.5e-05   16.2   0.1   1.6   2   0   0   2   2   2   1 hypothetical protein CXQ85_000982 [Candidozyma haemuli]
XP_025339612.1       -          XP_025334482.1       -             0.0098    7.8   9.0     0.015    7.1   9.0   1.2   1   0   0   1   1   1   1 hypothetical protein CXQ85_000955 [Candidozyma haemuli]
XP_025339760.1       -          XP_025334484.1       -            1.1e-32  107.0   4.0   3.8e-32  105.2   4.0   1.7   1   1   0   1   1   1   1 hypothetical protein CXQ85_001110 [Candidozyma haemuli]
XP_025339658.1       -          XP_025334484.1       -              0.027    6.5   4.0     0.039    6.0   4.0   1.1   1   0   0   1   1   1   0 hypothetical protein CXQ85_001004 [Candidozyma haemuli]
XP_025339691.1       -          XP_025334491.1       -            0.00017   14.5   0.3    0.0026   10.6   0.0   2.6   2   1   0   3   3   3   1 hypothetical protein CXQ85_001037 [Candidozyma haemuli]
XP_025339684.1       -          XP_025334497.1       -            5.4e-11   35.9   2.3   2.2e-06   20.7   0.1   2.4   2   0   0   2   2   2   2 hypothetical protein CXQ85_001030 [Candidozyma haemuli]
XP_025339548.1       -          XP_025334501.1       -                  0 1769.1 553.0  1.6e-227  751.9 249.5   6.0   1   1   3   4   4   4   4 hypothetical protein CXQ85_000890 [Candidozyma haemuli]
XP_025339754.1       -          XP_025334502.1       -              3e-08   26.3   1.7     3e-08   26.3   1.7   1.9   2   0   0   2   2   2   1 hypothetical protein CXQ85_001104 [Candidozyma haemuli]
XP_025339661.1       -          XP_025334502.1       -            1.3e-06   20.9   0.3   2.7e-06   19.9   0.3   1.4   1   0   0   1   1   1   1 hypothetical protein CXQ85_001007 [Candidozyma haemuli]
XP_025339660.1       -          XP_025334502.1       -              1e-05   18.0   0.1     2e-05   17.0   0.1   1.4   1   0   0   1   1   1   1 hypothetical protein CXQ85_001006 [Candidozyma haemuli]
XP_025339599.1       -          XP_025334505.1       -            1.2e-19   64.2   0.2   3.5e-19   62.8   0.1   1.7   2   0   0   2   2   2   1 hypothetical protein CXQ85_000942 [Candidozyma haemuli]
XP_025339605.1       -          XP_025334505.1       -            1.1e-17   57.8   0.1   8.8e-16   51.6   0.0   2.2   2   0   0   2   2   2   2 hypothetical protein CXQ85_000948 [Candidozyma haemuli]
XP_025339741.1       -          XP_025334505.1       -            2.1e-17   56.9   0.1   5.7e-14   45.6   0.0   2.2   1   1   1   2   2   2   2 hypothetical protein CXQ85_001090 [Candidozyma haemuli]
XP_025339685.1       -          XP_025334505.1       -            1.3e-15   51.0   0.6   3.1e-15   49.8   0.2   1.7   2   0   0   2   2   2   1 hypothetical protein CXQ85_001031 [Candidozyma haemuli]
XP_025339620.1       -          XP_025334505.1       -            1.8e-07   24.3   0.0   3.6e-07   23.3   0.0   1.5   1   0   0   1   1   1   1 hypothetical protein CXQ85_000965 [Candidozyma haemuli]
XP_025339576.1       -          XP_025334510.1       -            1.2e-05   18.8   0.0     0.048    7.0   0.0   3.1   3   0   0   3   3   3   3 translation initiation factor RLI1 [Candidozyma haemuli]
XP_025339681.1       -          XP_025334510.1       -            6.5e-05   16.4   0.0    0.0021   11.5   0.0   2.1   2   0   0   2   2   2   2 hypothetical protein CXQ85_001027 [Candidozyma haemuli]
XP_025339649.1       -          XP_025334517.1       -            6.3e-13   41.9   0.1   9.5e-13   41.3   0.1   1.2   1   0   0   1   1   1   1 hypothetical protein CXQ85_000995 [Candidozyma haemuli]
XP_025339779.1       -          XP_025334517.1       -              1e-07   24.7   0.0   1.3e-07   24.4   0.0   1.1   1   0   0   1   1   1   1 hypothetical protein CXQ85_001129 [Candidozyma haemuli]
XP_025339576.1       -          XP_025334519.1       -            6.7e-13   42.0   0.1   0.00053   12.6   0.0   3.9   3   1   0   3   3   3   3 translation initiation factor RLI1 [Candidozyma haemuli]
XP_025339681.1       -          XP_025334519.1       -            3.7e-08   26.3   0.1   2.8e-05   16.8   0.0   2.1   2   0   0   2   2   2   2 hypothetical protein CXQ85_001027 [Candidozyma haemuli]
XP_025339605.1       -          XP_025334532.1       -            2.5e-28   93.1   0.0     6e-28   91.9   0.0   1.6   1   0   0   1   1   1   1 hypothetical protein CXQ85_000948 [Candidozyma haemuli]
XP_025339599.1       -          XP_025334532.1       -            2.1e-27   90.1   0.0   4.1e-27   89.1   0.0   1.4   1   0   0   1   1   1   1 hypothetical protein CXQ85_000942 [Candidozyma haemuli]
XP_025339741.1       -          XP_025334532.1       -            1.4e-25   84.1   0.1   1.4e-25   84.1   0.1   1.5   2   0   0   2   2   2   1 hypothetical protein CXQ85_001090 [Candidozyma haemuli]
XP_025339685.1       -          XP_025334532.1       -            6.5e-17   55.6   0.2   9.2e-14   45.3   0.0   2.3   2   0   0   2   2   2   2 hypothetical protein CXQ85_001031 [Candidozyma haemuli]
XP_025339620.1       -          XP_025334532.1       -            6.4e-10   32.7   0.0   6.4e-10   32.7   0.0   2.1   2   0   0   2   2   2   1 hypothetical protein CXQ85_000965 [Candidozyma haemuli]
XP_025339599.1       -          XP_025334546.1       -            1.2e-22   74.4   0.0   1.8e-22   73.7   0.0   1.2   1   0   0   1   1   1   1 hypothetical protein CXQ85_000942 [Candidozyma haemuli]
XP_025339741.1       -          XP_025334546.1       -            2.8e-19   63.2   0.0   4.3e-19   62.6   0.0   1.2   1   0   0   1   1   1   1 hypothetical protein CXQ85_001090 [Candidozyma haemuli]
XP_025339685.1       -          XP_025334546.1       -            2.1e-18   60.4   0.1   2.8e-15   50.0   0.0   2.3   2   0   0   2   2   2   2 hypothetical protein CXQ85_001031 [Candidozyma haemuli]
XP_025339605.1       -          XP_025334546.1       -              1e-17   58.1   0.0   1.9e-17   57.2   0.0   1.3   1   0   0   1   1   1   1 hypothetical protein CXQ85_000948 [Candidozyma haemuli]
XP_025339620.1       -          XP_025334546.1       -            6.4e-11   35.7   0.0   1.4e-10   34.6   0.0   1.5   1   0   0   1   1   1   1 hypothetical protein CXQ85_000965 [Candidozyma haemuli]
XP_025339555.1       -          XP_025334549.1       -            1.2e-15   51.4   0.0   1.3e-13   44.8   0.0   2.1   2   0   0   2   2   2   2 hypothetical protein CXQ85_000897 [Candidozyma haemuli]
XP_025339724.1       -          XP_025334557.1       -           1.6e-177  584.7   0.3  1.8e-177  584.6   0.3   1.0   1   0   0   1   1   1   1 4-aminobutyrate aminotransferase [Candidozyma haemuli]
XP_025339599.1       -          XP_025334558.1       -            3.6e-40  132.1   0.0   5.3e-40  131.6   0.0   1.1   1   0   0   1   1   1   1 hypothetical protein CXQ85_000942 [Candidozyma haemuli]
XP_025339605.1       -          XP_025334558.1       -              2e-32  106.6   0.0   3.5e-32  105.8   0.0   1.3   1   0   0   1   1   1   1 hypothetical protein CXQ85_000948 [Candidozyma haemuli]
XP_025339685.1       -          XP_025334558.1       -            2.7e-27   89.7   0.4   5.4e-17   55.8   0.2   2.1   2   0   0   2   2   2   2 hypothetical protein CXQ85_001031 [Candidozyma haemuli]
XP_025339741.1       -          XP_025334558.1       -            8.2e-23   75.0   0.0   1.2e-22   74.4   0.0   1.2   1   0   0   1   1   1   1 hypothetical protein CXQ85_001090 [Candidozyma haemuli]
XP_025339572.1       -          XP_025334560.1       -            2.4e-11   36.6   0.2   4.9e-11   35.6   0.2   1.4   1   0   0   1   1   1   1 hypothetical protein CXQ85_000914 [Candidozyma haemuli]
XP_025339783.1       -          XP_025334565.1       -              1e-08   28.2   0.6   0.00017   14.3   0.0   3.0   3   0   0   3   3   3   2 hypothetical protein CXQ85_001133 [Candidozyma haemuli]
XP_025339754.1       -          XP_025334568.1       -            2.9e-62  204.5  17.6   6.1e-33  107.7  11.0   2.0   2   0   0   2   2   2   2 hypothetical protein CXQ85_001104 [Candidozyma haemuli]
XP_025339565.1       -          XP_025334569.1       -           7.9e-117  384.4   4.1  8.8e-117  384.3   4.1   1.0   1   0   0   1   1   1   1 malate dehydrogenase, cytoplasmic [Candidozyma haemuli]
XP_025339631.1       -          XP_025334569.1       -            5.2e-88  289.7   5.2   6.4e-88  289.5   5.2   1.1   1   0   0   1   1   1   1 malate dehydrogenase, mitochondrial [Candidozyma haemuli]
XP_025339760.1       -          XP_025334578.1       -            1.9e-09   30.1   5.0   3.2e-09   29.4   0.1   2.2   2   0   0   2   2   2   2 hypothetical protein CXQ85_001110 [Candidozyma haemuli]
XP_025339656.1       -          XP_025334578.1       -            9.2e-09   27.9   5.0   1.6e-08   27.1   5.0   1.3   1   0   0   1   1   1   1 hypothetical protein CXQ85_001002 [Candidozyma haemuli]
XP_025339669.1       -          XP_025334578.1       -             0.0015   10.7   6.9    0.0026    9.8   6.5   1.5   1   1   0   1   1   1   1 hypothetical protein CXQ85_001015 [Candidozyma haemuli]
XP_025339740.1       -          XP_025334585.1       -                2.1    0.3  27.4    0.0083    8.2  17.0   2.1   2   0   0   2   2   2   0 hypothetical protein CXQ85_001089 [Candidozyma haemuli]
XP_025339640.1       -          XP_025334595.1       -            1.3e-06   21.3  10.6     5e-06   19.3   0.4   3.9   1   1   4   5   5   5   2 polyadenylate-binding protein, cytoplasmic and nuclear [Candidozyma haemuli]
#
# Program:         phmmer
# Version:         3.3.1 (Jul 2020)
# Pipeline mode:   SEARCH
# Query file:      ./tests/samples/long_names//Cduobushaemulonii_GCF_002926085.2_CanDuoHae_v1.0_protein.small.faa
# Target file:     ./tests/samples/long_names//Chaemulonii_GCF_002926055.2_CanHae_1.0_protein.small.faa
# Option settings: phmmer --tblout ./tests/samples/long_names//orthohmm_working_res/Cduobushaemulonii_GCF_002926085.2_CanDuoHae_v1.0_protein.small.faa_2_Chaemulonii_GCF_002926055.2_CanHae_1.0_protein.small.faa.phmmerout.txt --noali --notextw --mx BLOSUM62 --cpu 8 ./tests/samples/long_names//Cduobushaemulonii_GCF_002926085.2_CanDuoHae_v1.0_protein.small.faa ./tests/samples/long_names//Chaemulonii_GCF_002926055.2_CanHae_1.0_protein.small.faa 
# Current dir:     /Users/jacoblsteenwyk/Desktop/BERKELEY/ORTHOHMM/orthohmm/orthohmm_cli
# Date:            Sun Mar  2 09:39:58 2025
# [ok]
