OG000
OG001
OG002
OG003
OG004
OG005
OG006
OG007
OG008
OG009
OG010
OG011
OG012
OG013
OG014
OG015
OG016
OG017
OG018
OG019
OG020
OG021
OG022
OG023
OG024
OG025
OG026
OG027
OG028
OG029
OG030
OG031
OG032
OG033
OG034
OG035
OG036
OG037
OG038
OG039
OG040
OG041
OG042
OG043
OG044
OG045
OG046
OG047
OG048
OG049
OG050
OG051
OG052
OG053
OG054
OG055
OG056
OG057
OG058
OG059
OG060
OG061
OG062
OG063
OG064
OG065
OG066
OG067
OG068
OG069
OG070
OG071
OG072
OG073
OG074
OG075
OG076
OG077
OG078
OG079
OG080
OG081
OG082
OG083
OG084
OG085
OG086
OG087
OG088
OG089
OG090
OG091
OG092
OG093
OG094
OG095
OG096
OG097
OG098
OG099
OG100
OG101
OG102
OG103
OG104
OG105
OG106
OG107
OG108
OG109
OG110
OG111
OG112
OG113
OG114
OG115
OG116
OG117
OG118
OG119
OG120
OG121
OG122
OG123
OG124
OG125
OG126
OG127
OG128
OG129
OG130
OG131
OG132
OG133
OG134
OG135
OG136
OG137
OG138
OG139
OG140
OG141
OG142
OG143
OG144
OG145
OG146
OG147
OG148
OG149
OG150
OG151
OG152
OG153
OG154
OG155
OG156
OG157
OG158
OG159
OG160
OG161
OG162
OG163
OG164
OG165
OG166
OG167
OG168
OG169
OG170
OG171
OG172
OG173
OG174
OG175
OG176
OG177
OG178
OG179
OG180
OG181
OG182
OG183
OG184
OG185
OG186
OG187
OG188
OG189
OG190
OG191
OG192
OG193
OG194
OG195
OG196
OG197
OG198
OG199
OG200
OG201
OG202
OG203
OG204
OG205
OG206
OG207
OG208
OG209
OG210
OG211
OG212
OG213
OG214
OG215
OG216
OG217
OG218
OG219
OG220
OG221
OG222
OG223
OG224
OG225
OG226
OG227
OG228
OG229
OG230
OG231
OG232
OG233
OG234
OG235
OG236
OG237
OG238
OG239
OG240
OG241
OG242
OG243
OG244
OG245
OG246
OG247
OG248
OG249
OG250
OG251
OG252
OG253
OG254
OG255
OG256
OG257
OG258
OG259
OG260
OG261
OG262
OG263
OG264
OG265
OG266
OG267
OG268
OG269
OG270
OG271
OG272
OG273
OG274
OG275
OG276
OG277
OG278
OG279
OG280
OG281
OG282
OG283
OG284
OG285
OG286
OG287
OG288
OG289
OG290
OG291
OG292
OG293
OG294
OG295
OG296
OG297
OG298
OG299
OG300
OG301
OG302
OG303
OG304
OG305
OG306
OG307
OG308
OG309
OG310
OG311
OG312
OG313
OG314
OG315
OG316
OG317
OG318
OG319
OG320
OG321
OG322
OG323
OG324
OG325
OG326
OG327
OG328
OG329
OG330
OG331
OG332
OG333
OG334
OG335
OG336
OG337
OG338
OG339
OG340
OG341
OG342
OG343
OG344
OG345
OG346
OG347
OG348
OG349
OG350
OG351
OG352
OG353
OG354
OG355
OG356
OG357
OG358
OG359
OG360
OG361
OG362
OG363
OG364
OG365
OG366
OG367
OG368
OG369
OG370
OG371
OG372
OG373
OG374
OG375
OG376
OG377
OG378
OG379
OG380
OG381
OG382
OG383
OG384
OG385
OG386
OG387
OG388
OG389
OG390
OG391
OG392
OG393
OG394
OG395
OG396
OG397
OG398
OG399
OG400
OG401
OG402
OG403
OG404
OG405
OG406
OG407
OG408
OG409
OG410
OG411
OG412
OG413
OG414
OG415
OG416
OG417
OG418
OG419
OG420
OG421
OG422
OG423
OG424
OG425
OG426
OG427
OG428
OG429
OG430
OG431
OG432
OG433
OG434
OG435
OG436
OG437
OG438
OG439
OG440
OG441
OG442
OG443
OG444
OG445
OG446
OG447
OG448
OG449
OG450
OG451
OG452
OG453
OG454
OG455
OG456
OG457
OG458
OG459
OG460
OG461
OG462
OG463
OG464
OG465
OG466
OG467
OG468
OG469
OG470
OG471
OG472
OG473
OG474
OG475
OG476
OG477
OG478
OG479
OG480
OG481
OG482
OG483
OG484
OG485
OG486
OG487
OG488
OG489
OG490
OG491
OG492
OG493
OG494
OG495
OG496
OG497
OG498
OG499
OG500
OG501
OG502
OG503
OG504
OG505
OG506
OG507
OG508
OG509
OG510
OG511
OG512
OG513
OG514
OG515
OG516
OG517
OG518
OG519
OG520
OG521
OG522
OG523
OG524
OG525
OG526
OG527
OG528
OG529
OG530
OG531
OG532
OG533
OG534
OG535
OG536
OG537
OG538
OG539
OG540
OG541
OG542
OG543
OG544
OG545
OG546
OG547
OG548
OG549
OG550
OG551
OG552
OG553
OG554
OG555
OG556
OG557
OG558
OG559
OG560
OG561
OG562
OG563
OG564
OG565
OG566
OG567
OG568
OG569
OG570
OG571
OG572
OG573
OG574
OG575
OG576
OG577
OG578
OG579
OG580
OG581
OG582
OG583
OG584
OG585
OG586
OG587
OG588
OG589
OG590
OG591
OG592
OG593
OG594
OG595
OG596
OG597
OG598
OG599
OG600
OG601
OG602
OG603
OG604
OG605
OG606
OG607
OG608
OG609
OG610
OG611
OG612
OG613
OG614
OG615
OG616
OG617
OG618
OG619
OG620
OG621
OG622
OG623
OG624
OG625
OG626
OG627
OG628
OG629
OG630
OG631
OG632
OG633
OG634
OG635
OG636
OG637
OG638
OG639
OG640
OG641
OG642
OG643
OG644
OG645
OG646
OG647
OG648
OG649
OG650
OG651
OG652
OG653
OG654
OG655
OG656
OG657
OG658
OG659
OG660
OG661
OG662
OG663
OG664
OG665
OG666
OG667
OG668
OG669
OG670
OG671
OG672
OG673
OG674
OG675
OG676
OG677
OG678
OG679
OG680
OG681
OG682
OG683
OG684
OG685
OG686
OG687
OG688
OG689
OG690
OG691
OG692
OG693
OG694
OG695
OG696
OG697
OG698
OG699
OG700
OG701
OG702
OG703
OG704
OG705
OG706
OG707
OG708
OG709
OG710
OG711
OG712
OG713
OG714
OG715
OG716
OG717
OG718
OG719
OG720
OG721
OG722
OG723
OG724
OG725
OG726
OG727
OG728
OG729
OG730
OG731
OG732
OG733
OG734
OG735
OG736
OG737
OG738
OG739
OG740
OG741
OG742
OG743
OG744
OG745
OG746
OG747
OG748
OG749
OG750
OG751
OG752
OG753
OG754
OG755
OG756
OG757
OG758
OG759
OG760
OG761
OG762
OG763
OG764
OG765
OG766
OG767
OG768
OG769
OG770
OG771
OG772
OG773
OG774
OG775
OG776
OG777
OG778
OG779
OG780
OG781
OG782
OG783
OG784
OG785
OG786
OG787
OG788
OG789
OG790
OG791
OG792
OG793
OG794
OG795
OG796
OG797
OG798
OG799
OG800
OG801
OG802
OG803
OG804
OG805
OG806
OG807
OG808
OG809
OG810
OG811
OG812
OG813
OG814
OG815
OG816
OG817
OG818
OG819
OG820
OG821
OG822
OG823
OG824
OG825
OG826
OG827
OG828
OG829
OG830
OG831
OG832
OG833
OG834
OG835
OG836
OG837
OG838
OG839
OG840
OG841
OG842
OG843
OG844
OG845
OG846
OG847
OG848
OG849
OG850
OG851
OG852
OG853
OG854
OG855
OG856
OG857
OG858
OG859
OG860
OG861
OG862
OG863
OG864
OG865
OG866
OG867
OG868
OG869
OG870
OG871
OG872
OG873
OG874
OG875
OG876
OG877
OG878
OG879
OG880
OG881
OG882
OG883
OG884
OG885
OG886
OG887
OG888
OG889
OG890
OG891
OG892
OG893
OG894
OG895
OG896
OG897
OG898
OG899
OG900
OG901
OG902
OG903
OG904
OG905
OG906
OG907
OG908
OG909
OG910
OG911
OG912
OG913
OG914
OG915
OG916
OG917
OG918
OG919
OG920
OG921
OG922
OG923
OG924
OG925
OG926
OG927
OG928
OG929
OG930
OG931
OG932
OG933
OG934
OG935
OG936
OG937
OG938
OG939
OG940
OG941
OG942
OG943
OG944
OG945
OG946
OG947
OG948
OG949
OG950
OG951
OG952
OG953
OG954
OG955
OG956
OG957
OG958
OG959
OG960
OG961
OG962
OG963
OG964
OG965
OG966
OG967
OG968
OG969
OG970
OG971
OG972
OG973
OG974
OG975
OG976
OG977
OG978
OG979
OG980
OG981
OG982
OG983
OG984
OG985
OG986
OG987
